Archive member included to satisfy reference by file (symbol)

Libraries/libstm32f0.a(stm32f0xx_gpio.o)
                              /tmp/ccK4WFTj.o (GPIO_Init)
Libraries/libstm32f0.a(stm32f0xx_misc.o)
                              /tmp/ccZajiO9.o (NVIC_Init)
Libraries/libstm32f0.a(stm32f0xx_rcc.o)
                              /tmp/ccafHji0.o (RCC_GetClocksFreq)
Libraries/libstm32f0.a(stm32f0xx_tim.o)
                              /tmp/ccZajiO9.o (TIM_TimeBaseInit)
Libraries/libstm32f0.a(drv_I2C_M24SR.o)
                              /tmp/ccK4WFTj.o (M24SR_I2CInit)
Libraries/libstm32f0.a(gfx.o)
                              /tmp/ccK4WFTj.o (gfxInit)
Libraries/libstm32f0.a(gdriver.o)
                              Libraries/libstm32f0.a(gfx.o) (_gdriverInit)
Libraries/libstm32f0.a(gdisp.o)
                              Libraries/libstm32f0.a(gfx.o) (_gdispDeinit)
Libraries/libstm32f0.a(gdisp_fonts.o)
                              /tmp/ccK4WFTj.o (gdispOpenFont)
Libraries/libstm32f0.a(gdisp_image.o)
                              /tmp/ccK4WFTj.o (gdispImageOpenGFile)
Libraries/libstm32f0.a(gdisp_image_bmp.o)
                              Libraries/libstm32f0.a(gdisp_image.o) (gdispImageClose_BMP)
Libraries/libstm32f0.a(mf_font.o)
                              Libraries/libstm32f0.a(gdisp.o) (mf_render_character)
Libraries/libstm32f0.a(mf_justify.o)
                              Libraries/libstm32f0.a(gdisp.o) (mf_get_string_width)
Libraries/libstm32f0.a(mf_bwfont.o)
                              Libraries/libstm32f0.a(mf_font.o) (mf_bwfont_render_character)
Libraries/libstm32f0.a(mf_scaledfont.o)
                              Libraries/libstm32f0.a(gdisp_fonts.o) (mf_scale_font)
Libraries/libstm32f0.a(gdisp_lld_SSD1306.o)
                              Libraries/libstm32f0.a(gdisp.o) (gdisp_lld_fill_area)
Libraries/libstm32f0.a(gos_raw32.o)
                              Libraries/libstm32f0.a(gfx.o) (_gosInit)
Libraries/libstm32f0.a(gos_x_threads.o)
                              Libraries/libstm32f0.a(gos_raw32.o) (_gosThreadsInit)
Libraries/libstm32f0.a(gos_x_heap.o)
                              Libraries/libstm32f0.a(gos_raw32.o) (_gosHeapInit)
Libraries/libstm32f0.a(gfile.o)
                              Libraries/libstm32f0.a(gfx.o) (_gfileInit)
Libraries/libstm32f0.a(gfile_fs_mem.o)
                              /tmp/ccK4WFTj.o (gfileOpenMemory)
Libraries/libstm32f0.a(stm32f0xx_i2c.o)
                              Libraries/libstm32f0.a(drv_I2C_M24SR.o) (I2C_DeInit)
Libraries/libstm32f0.a(stm32f0xx_spi.o)
                              Libraries/libstm32f0.a(gdisp_lld_SSD1306.o) (SPI_Init)
Libraries/libstm32f0.a(mf_encoding.o)
                              Libraries/libstm32f0.a(mf_justify.o) (mf_getchar)
/usr/lib/gcc/arm-none-eabi/4.9.3/armv6-m/libgcc.a(_udivsi3.o)
                              /tmp/ccK4WFTj.o (__aeabi_uidiv)
/usr/lib/gcc/arm-none-eabi/4.9.3/armv6-m/libgcc.a(_divsi3.o)
                              /tmp/ccK4WFTj.o (__aeabi_idiv)
/usr/lib/gcc/arm-none-eabi/4.9.3/armv6-m/libgcc.a(_dvmd_tls.o)
                              /usr/lib/gcc/arm-none-eabi/4.9.3/armv6-m/libgcc.a(_udivsi3.o) (__aeabi_idiv0)
/usr/lib/gcc/arm-none-eabi/4.9.3/../../../arm-none-eabi/lib/armv6-m/libg.a(lib_a-atexit.o)
                              /usr/lib/gcc/arm-none-eabi/4.9.3/../../../arm-none-eabi/lib/armv6-m/crt0.o (atexit)
/usr/lib/gcc/arm-none-eabi/4.9.3/../../../arm-none-eabi/lib/armv6-m/libg.a(lib_a-exit.o)
                              /usr/lib/gcc/arm-none-eabi/4.9.3/../../../arm-none-eabi/lib/armv6-m/crt0.o (exit)
/usr/lib/gcc/arm-none-eabi/4.9.3/../../../arm-none-eabi/lib/armv6-m/libg.a(lib_a-fini.o)
                              /usr/lib/gcc/arm-none-eabi/4.9.3/../../../arm-none-eabi/lib/armv6-m/crt0.o (__libc_fini_array)
/usr/lib/gcc/arm-none-eabi/4.9.3/../../../arm-none-eabi/lib/armv6-m/libg.a(lib_a-impure.o)
                              /usr/lib/gcc/arm-none-eabi/4.9.3/../../../arm-none-eabi/lib/armv6-m/libg.a(lib_a-exit.o) (_global_impure_ptr)
/usr/lib/gcc/arm-none-eabi/4.9.3/../../../arm-none-eabi/lib/armv6-m/libg.a(lib_a-init.o)
                              /usr/lib/gcc/arm-none-eabi/4.9.3/../../../arm-none-eabi/lib/armv6-m/crt0.o (__libc_init_array)
/usr/lib/gcc/arm-none-eabi/4.9.3/../../../arm-none-eabi/lib/armv6-m/libg.a(lib_a-malloc.o)
                              Libraries/libstm32f0.a(gos_x_heap.o) (malloc)
/usr/lib/gcc/arm-none-eabi/4.9.3/../../../arm-none-eabi/lib/armv6-m/libg.a(lib_a-mallocr.o)
                              /usr/lib/gcc/arm-none-eabi/4.9.3/../../../arm-none-eabi/lib/armv6-m/libg.a(lib_a-malloc.o) (_malloc_r)
/usr/lib/gcc/arm-none-eabi/4.9.3/../../../arm-none-eabi/lib/armv6-m/libg.a(lib_a-memcpy.o)
                              Libraries/libstm32f0.a(gos_x_threads.o) (memcpy)
/usr/lib/gcc/arm-none-eabi/4.9.3/../../../arm-none-eabi/lib/armv6-m/libg.a(lib_a-memset.o)
[...]
Memory Configuration

Name             Origin             Length             Attributes
FLASH            0x0000000008000000 0x0000000000008000 xr
RAM              0x0000000020000000 0x0000000000001800 xrw
*default*        0x0000000000000000 0xffffffffffffffff

Linker script and memory map

LOAD /usr/lib/gcc/arm-none-eabi/4.9.3/armv6-m/crti.o
LOAD /usr/lib/gcc/arm-none-eabi/4.9.3/armv6-m/crtbegin.o
LOAD /usr/lib/gcc/arm-none-eabi/4.9.3/../../../arm-none-eabi/lib/armv6-m/crt0.o
LOAD /tmp/ccK4WFTj.o
LOAD /tmp/cchGJUKJ.o
LOAD /tmp/ccZajiO9.o
LOAD /tmp/cc4dR2Yz.o
LOAD /tmp/ccafHji0.o
LOAD /tmp/cc4CFxCq.o
LOAD Libraries/libstm32f0.a
START GROUP
LOAD /usr/lib/gcc/arm-none-eabi/4.9.3/armv6-m/libgcc.a
LOAD /usr/lib/gcc/arm-none-eabi/4.9.3/../../../arm-none-eabi/lib/armv6-m/libg.a
LOAD /usr/lib/gcc/arm-none-eabi/4.9.3/../../../arm-none-eabi/lib/armv6-m/libc.a
END GROUP
START GROUP
LOAD /usr/lib/gcc/arm-none-eabi/4.9.3/armv6-m/libgcc.a
LOAD /usr/lib/gcc/arm-none-eabi/4.9.3/../../../arm-none-eabi/lib/armv6-m/libc.a
LOAD /usr/lib/gcc/arm-none-eabi/4.9.3/../../../arm-none-eabi/lib/armv6-m/libnosys.a
END GROUP
LOAD /usr/lib/gcc/arm-none-eabi/4.9.3/armv6-m/crtend.o
LOAD /usr/lib/gcc/arm-none-eabi/4.9.3/armv6-m/crtn.o
                0x0000000020000000                __ram_start__ = ORIGIN (RAM)
                0x0000000000001800                __ram_size__ = LENGTH (RAM)
                0x0000000020001800                __ram_end__ = (__ram_start__ + __ram_size__)
                0x0000000020001800                _estack = __ram_end__

.isr_vector     0x0000000008000000       0xc4
                0x0000000008000000                . = ALIGN (0x4)
 *(.isr_vector)
 .isr_vector    0x0000000008000000       0xc4 /tmp/cc4CFxCq.o
                0x0000000008000000                g_pfnVectors
                0x00000000080000c4                . = ALIGN (0x4)

.text           0x00000000080000c4     0x7460
                0x00000000080000c4                . = ALIGN (0x4)
 *(.text)
 .text          0x00000000080000c4      0x20c Libraries/libstm32f0.a(stm32f0xx_gpio.o)
                0x00000000080000c4                GPIO_DeInit
                0x0000000008000168                GPIO_Init
                0x0000000008000230                GPIO_StructInit
                0x0000000008000248                GPIO_PinLockConfig
                0x000000000800026c                GPIO_ReadInputDataBit
                0x0000000008000278                GPIO_ReadInputData
                0x0000000008000280                GPIO_ReadOutputDataBit
                0x000000000800028c                GPIO_ReadOutputData
                0x0000000008000294                GPIO_SetBits
                0x0000000008000298                GPIO_ResetBits
                0x000000000800029c                GPIO_WriteBit
                0x00000000080002a8                GPIO_Write
                0x00000000080002ac                GPIO_PinAFConfig
 .text          0x00000000080002d0      0x548 Libraries/libstm32f0.a(stm32f0xx_rcc.o)
                0x00000000080002d0                RCC_DeInit
                0x0000000008000330                RCC_HSEConfig
                0x0000000008000340                RCC_AdjustHSICalibrationValue
                0x0000000008000354                RCC_HSICmd
                0x0000000008000374                RCC_AdjustHSI14CalibrationValue
                0x0000000008000388                RCC_HSI14Cmd
                0x00000000080003a8                RCC_HSI14ADCRequestCmd
                0x00000000080003c8                RCC_LSEConfig
                0x00000000080003e8                RCC_LSEDriveConfig
                0x0000000008000400                RCC_LSICmd
                0x0000000008000420                RCC_PLLConfig
                0x0000000008000440                RCC_PLLCmd
                0x0000000008000464                RCC_PREDIV1Config
                0x0000000008000478                RCC_ClockSecuritySystemCmd
                0x000000000800049c                RCC_MCOConfig
                0x00000000080004a8                RCC_SYSCLKConfig
                0x00000000080004bc                RCC_GetSYSCLKSource
                0x00000000080004cc                RCC_HCLKConfig
                0x00000000080004e0                RCC_PCLKConfig
                0x00000000080004f8                RCC_ADCCLKConfig
                0x000000000800052c                RCC_CECCLKConfig
                0x0000000008000544                RCC_I2CCLKConfig
                0x000000000800055c                RCC_USARTCLKConfig
                0x0000000008000574                RCC_GetClocksFreq
                0x000000000800067c                RCC_RTCCLKConfig
                0x000000000800068c                RCC_RTCCLKCmd
                0x00000000080006b0                RCC_BackupResetCmd
                0x00000000080006d4                RCC_AHBPeriphClockCmd
                0x00000000080006ec                RCC_APB2PeriphClockCmd
                0x0000000008000704                RCC_APB1PeriphClockCmd
                0x000000000800071c                RCC_AHBPeriphResetCmd
                0x0000000008000734                RCC_APB2PeriphResetCmd
                0x000000000800074c                RCC_APB1PeriphResetCmd
                0x0000000008000764                RCC_ITConfig
                0x000000000800077c                RCC_GetFlagStatus
                0x00000000080007b0                RCC_WaitForHSEStartUp
                0x00000000080007e4                RCC_ClearFlag
                0x00000000080007f8                RCC_GetITStatus
                0x000000000800080c                RCC_ClearITPendingBit
 .text          0x0000000008000818      0xbec Libraries/libstm32f0.a(stm32f0xx_tim.o)
                0x0000000008000818                TIM_DeInit
                0x0000000008000910                TIM_TimeBaseInit
                0x00000000080009ac                TIM_TimeBaseStructInit
                0x00000000080009c0                TIM_PrescalerConfig
                0x00000000080009c8                TIM_CounterModeConfig
                0x00000000080009d4                TIM_SetCounter
                0x00000000080009d8                TIM_SetAutoreload
                0x00000000080009dc                TIM_GetCounter
                0x00000000080009e0                TIM_GetPrescaler
                0x00000000080009e8                TIM_UpdateDisableConfig
                0x0000000008000a00                TIM_UpdateRequestConfig
                0x0000000008000a18                TIM_ARRPreloadConfig
                0x0000000008000a30                TIM_SelectOnePulseMode
                0x0000000008000a40                TIM_SetClockDivision
                0x0000000008000a54                TIM_Cmd
                0x0000000008000a6c                TIM_BDTRConfig
                0x0000000008000a8c                TIM_BDTRStructInit
                0x0000000008000aa0                TIM_CtrlPWMOutputs
                0x0000000008000abc                TIM_OC1Init
                0x0000000008000b3c                TIM_OC2Init
                0x0000000008000bbc                TIM_OC3Init
                0x0000000008000c40                TIM_OC4Init
                0x0000000008000ca8                TIM_OCStructInit
                0x0000000008000cbc                TIM_SelectOCxM
                0x0000000008000d08                TIM_SetCompare1
                0x0000000008000d0c                TIM_SetCompare2
                0x0000000008000d10                TIM_SetCompare3
                0x0000000008000d14                TIM_SetCompare4
                0x0000000008000d18                TIM_ForcedOC1Config
                0x0000000008000d24                TIM_ForcedOC2Config
                0x0000000008000d38                TIM_ForcedOC3Config
                0x0000000008000d44                TIM_ForcedOC4Config
                0x0000000008000d58                TIM_CCPreloadControl
                0x0000000008000d70                TIM_OC1PreloadConfig
                0x0000000008000d7c                TIM_OC2PreloadConfig
                0x0000000008000d90                TIM_OC3PreloadConfig
                0x0000000008000d9c                TIM_OC4PreloadConfig
                0x0000000008000db0                TIM_OC1FastConfig
                0x0000000008000dbc                TIM_OC2FastConfig
                0x0000000008000dd0                TIM_OC3FastConfig
                0x0000000008000ddc                TIM_OC4FastConfig
                0x0000000008000df0                TIM_ClearOC1Ref
                0x0000000008000dfc                TIM_ClearOC2Ref
                0x0000000008000e0c                TIM_ClearOC3Ref
                0x0000000008000e18                TIM_ClearOC4Ref
                0x0000000008000e28                TIM_OC1PolarityConfig
                0x0000000008000e34                TIM_OC1NPolarityConfig
                0x0000000008000e40                TIM_OC2PolarityConfig
                0x0000000008000e50                TIM_OC2NPolarityConfig
                0x0000000008000e60                TIM_OC3PolarityConfig
                0x0000000008000e74                TIM_OC3NPolarityConfig
                0x0000000008000e88                TIM_OC4PolarityConfig
                0x0000000008000e9c                TIM_SelectOCREFClear
                0x0000000008000eac                TIM_CCxCmd
                0x0000000008000ec4                TIM_CCxNCmd
                0x0000000008000edc                TIM_SelectCOM
                0x0000000008000ef4                TIM_ICInit
                0x0000000008001040                TIM_ICStructInit
                0x0000000008001050                TIM_PWMIConfig
                0x00000000080011a8                TIM_GetCapture1
                0x00000000080011ac                TIM_GetCapture2
                0x00000000080011b0                TIM_GetCapture3
                0x00000000080011b4                TIM_GetCapture4
                0x00000000080011b8                TIM_SetIC1Prescaler
                0x00000000080011c8                TIM_SetIC2Prescaler
                0x00000000080011e0                TIM_SetIC3Prescaler
                0x00000000080011f0                TIM_SetIC4Prescaler
                0x0000000008001208                TIM_ITConfig
                0x000000000800121c                TIM_GenerateEvent
                0x0000000008001220                TIM_GetFlagStatus
                0x000000000800122c                TIM_ClearFlag
                0x0000000008001234                TIM_GetITStatus
                0x000000000800124c                TIM_ClearITPendingBit
                0x0000000008001254                TIM_DMAConfig
                0x000000000800125c                TIM_DMACmd
                0x0000000008001270                TIM_SelectCCDMA
                0x0000000008001288                TIM_InternalClockConfig
                0x0000000008001294                TIM_ITRxExternalClockConfig
                0x00000000080012a8                TIM_TIxExternalClockConfig
                0x0000000008001320                TIM_ETRClockMode1Config
                0x0000000008001340                TIM_ETRClockMode2Config
                0x0000000008001360                TIM_SelectInputTrigger
                0x000000000800136c                TIM_SelectOutputTrigger
                0x000000000800137c                TIM_SelectSlaveMode
                0x000000000800138c                TIM_SelectMasterSlaveMode
                0x000000000800139c                TIM_ETRConfig
                0x00000000080013b4                TIM_EncoderInterfaceConfig
                0x00000000080013e4                TIM_SelectHallSensor
                0x00000000080013fc                TIM_RemapConfig
 .text          0x0000000008001404      0x400 Libraries/libstm32f0.a(drv_I2C_M24SR.o)
                0x0000000008001404                M24SR_PollI2C
                0x0000000008001498                M24SR_I2CInit
                0x0000000008001540                M24SR_SetI2CSynchroMode
                0x000000000800154c                M24SR_I2CTokenRelease
                0x000000000800158c                M24SR_SendI2Ccommand
                0x0000000008001624                M24SR_ReceiveI2Cresponse
                0x00000000080016d8                M24SR_ReceiveI2Cbuffer
                0x0000000008001788                M24SR_IsAnswerReady
                0x00000000080017ec                M24SR_RFConfig_Hard
 .text          0x0000000008001804       0x4c Libraries/libstm32f0.a(gfx.o)
                0x0000000008001804                gfxInit
                0x000000000800182c                gfxDeinit
 .text          0x0000000008001850      0x1d0 Libraries/libstm32f0.a(gdriver.o)
                0x0000000008001850                _gdriverInit
                0x0000000008001854                gdriverRegister
                0x00000000080018fc                gdriverUnRegister
                0x0000000008001944                _gdriverDeinit
                0x0000000008001960                gdriverGetInstance
                0x0000000008001994                gdriverInstanceCount
                0x00000000080019bc                gdriverGetNext
                0x00000000080019e0                gdriverGetDriverInstanceNumber
 .text          0x0000000008001a20      0xafc Libraries/libstm32f0.a(gdisp.o)
                0x0000000008001b3c                _gdispDeinit
                0x0000000008001b40                _gdispInitDriver
                0x0000000008001b54                _gdispDeInitDriver
                0x0000000008001b70                gdispGetDisplay
                0x0000000008001b7c                gdispSetDisplay
                0x0000000008001b8c                gdispGetDisplayCount
                0x0000000008001b98                gdispGGetWidth
                0x0000000008001ba0                gdispGGetHeight
                0x0000000008001ba8                gdispGGetPowerMode
                0x0000000008001bac                gdispGGetOrientation
                0x0000000008001bb0                gdispGGetBacklight
                0x0000000008001bb4                gdispGGetContrast
                0x0000000008001bb8                gdispGFlush
                0x0000000008001bc0                gdispGDrawPixel
                0x0000000008001bd8                gdispGDrawLine
                0x0000000008001d10                gdispGClear
                0x0000000008001d34                _gdispInit
                0x0000000008001d84                _gdispPostInitDriver
                0x0000000008001e60                gdispGFillArea
                0x0000000008001e88                gdispGBlitArea
                0x0000000008001f70                gdispGDrawBox
                0x000000000800202c                gdispGDrawChar
                0x000000000800209c                gdispGFillChar
                0x0000000008002130                gdispGDrawString
                0x0000000008002188                gdispGFillString
                0x0000000008002230                gdispGDrawStringBox
                0x0000000008002328                gdispGFillStringBox
                0x0000000008002444                gdispGetFontMetric
                0x0000000008002484                gdispGetCharWidth
                0x00000000080024a0                gdispGetStringWidthCount
                0x00000000080024c0                gdispGetStringWidth
                0x00000000080024e0                gdispBlendColor
                0x0000000008002514                gdispContrastColor
 .text          0x000000000800251c      0x124 Libraries/libstm32f0.a(gdisp_fonts.o)
                0x0000000008002564                gdispOpenFont
                0x00000000080025b8                gdispCloseFont
                0x00000000080025d0                gdispScaleFont
                0x00000000080025fc                gdispGetFontName
                0x0000000008002600                gdispAddFont
 .text          0x0000000008002640      0x230 Libraries/libstm32f0.a(gdisp_image.o)
                0x0000000008002640                gdispImageInit
                0x0000000008002648                gdispImageOpenGFile
                0x00000000080026bc                gdispImageClose
                0x00000000080026e0                gdispImageIsOpen
                0x00000000080026fc                gdispImageSetBgColor
                0x0000000008002704                gdispImageCache
                0x0000000008002728                gdispGImageDraw
                0x00000000080027e0                gdispImageNext
                0x0000000008002804                gdispImageGetPaletteSize
                0x0000000008002820                gdispImageGetPalette
                0x000000000800283c                gdispImageAdjustPalette
                0x0000000008002858                gdispImageAlloc
                0x0000000008002864                gdispImageFree
 .text          0x0000000008002870      0x790 Libraries/libstm32f0.a(gdisp_image_bmp.o)
                0x0000000008002914                gdispImageClose_BMP
                0x0000000008002950                gdispImageOpen_BMP
                0x0000000008002b40                gdispImageCache_BMP
                0x0000000008002c6c                gdispGImageDraw_BMP
                0x0000000008002f98                gdispImageNext_BMP
                0x0000000008002fa0                gdispImageGetPaletteSize_BMP
                0x0000000008002fb8                gdispImageGetPalette_BMP
                0x0000000008002fdc                gdispImageAdjustPalette_BMP
 .text          0x0000000008003000       0xb0 Libraries/libstm32f0.a(mf_font.o)
                0x0000000008003000                mf_render_character
                0x0000000008003038                mf_character_width
                0x0000000008003050                mf_find_font
                0x00000000080030a4                mf_get_font_list
 .text          0x00000000080030b0      0x264 Libraries/libstm32f0.a(mf_justify.o)
                0x0000000008003144                mf_get_string_width
                0x000000000800319c                mf_render_aligned
                0x00000000080032f4                mf_render_justified
 .text          0x0000000008003314      0x1f4 Libraries/libstm32f0.a(mf_bwfont.o)
                0x0000000008003314                mf_bwfont_render_character
                0x00000000080034c8                mf_bwfont_character_width
 .text          0x0000000008003508      0x108 Libraries/libstm32f0.a(mf_scaledfont.o)
                0x0000000008003564                mf_scaled_character_width
                0x0000000008003578                mf_scaled_render_character
                0x00000000080035b8                mf_scale_font
 .text          0x0000000008003610      0x9f0 Libraries/libstm32f0.a(gdisp_lld_SSD1306.o)
                0x0000000008003610                gdisp_lld_fill_area
                0x00000000080037f4                gdisp_lld_draw_pixel
                0x000000000800388c                gdisp_lld_get_pixel_color
                0x00000000080038e8                gdisp_lld_flush
                0x000000000800397c                gdisp_lld_init
 .text          0x0000000008004000       0x2c Libraries/libstm32f0.a(gos_raw32.o)
                0x0000000008004000                _gosInit
                0x000000000800400c                _gosPostInit
                0x0000000008004010                _gosDeinit
                0x0000000008004014                gfxHalt
                0x0000000008004020                gfxExit
 .text          0x000000000800402c      0x49c Libraries/libstm32f0.a(gos_x_threads.o)
                0x000000000800402c                gfxSystemLock
                0x0000000008004030                gfxSystemUnlock
                0x0000000008004034                gfxMutexInit
                0x000000000800403c                gfxMutexExit
                0x0000000008004044                gfxSemInit
                0x000000000800404c                gfxSemWaitI
                0x0000000008004060                gfxSemSignal
                0x0000000008004074                gfxSemSignalI
                0x0000000008004088                _gfxGetStackState
                0x00000000080040a0                _gfxGetStackStateInFn
                0x00000000080040b8                _gosThreadsInit
                0x000000000800419c                gfxThreadMe
                0x00000000080041a8                gfxThreadExit
                0x00000000080042f0                gfxYield
                0x0000000008004338                gfxMutexEnter
                0x0000000008004354                gfxSemWait
                0x00000000080043b0                gfxSleepMilliseconds
                0x00000000080043e0                gfxSleepMicroseconds
                0x0000000008004418                gfxThreadCreate
                0x0000000008004480                gfxThreadWait
 .text          0x00000000080044c8       0x20 Libraries/libstm32f0.a(gos_x_heap.o)
                0x00000000080044c8                _gosHeapInit
                0x00000000080044cc                gfxAlloc
                0x00000000080044d4                gfxRealloc
                0x00000000080044e0                gfxFree
 .text          0x00000000080044e8      0x244 Libraries/libstm32f0.a(gfile.o)
                0x00000000080044e8                _gfileInit
                0x00000000080044ec                _gfileFindSlot
                0x00000000080045c0                gfileExists
                0x00000000080045c4                gfileDelete
                0x00000000080045c8                gfileGetFilesize
                0x00000000080045d0                gfileRename
                0x00000000080045d4                gfileOpen
                0x00000000080045e0                gfileClose
                0x0000000008004600                _gfileDeinit
                0x0000000008004624                gfileRead
                0x0000000008004658                gfileWrite
                0x000000000800468c                gfileGetPos
                0x00000000080046a0                gfileSetPos
                0x00000000080046c8                gfileGetSize
                0x00000000080046e8                gfileEOF
                0x0000000008004710                gfileMount
                0x0000000008004714                gfileUnmount
                0x0000000008004718                gfileSync
 .text          0x000000000800472c       0x58 Libraries/libstm32f0.a(gfile_fs_mem.o)
                0x000000000800475c                gfileOpenMemory
 .text          0x0000000008004784      0x48c Libraries/libstm32f0.a(stm32f0xx_i2c.o)
                0x0000000008004784                I2C_DeInit
                0x00000000080047bc                I2C_Init
                0x0000000008004820                I2C_StructInit
                0x0000000008004838                I2C_Cmd
                0x0000000008004850                I2C_SoftwareResetCmd
                0x0000000008004870                I2C_ITConfig
                0x0000000008004884                I2C_StretchClockCmd
                0x00000000080048a4                I2C_StopModeCmd
                0x00000000080048c4                I2C_DualAddressCmd
                0x00000000080048e4                I2C_OwnAddress2Config
                0x0000000008004908                I2C_GeneralCallCmd
                0x0000000008004928                I2C_SlaveByteControlCmd
                0x0000000008004948                I2C_SlaveAddressConfig
                0x0000000008004958                I2C_10BitAddressingModeCmd
                0x0000000008004978                I2C_AutoEndCmd
                0x0000000008004998                I2C_ReloadCmd
                0x00000000080049b8                I2C_NumberOfBytesConfig
                0x00000000080049cc                I2C_MasterRequestConfig
                0x00000000080049ec                I2C_GenerateSTART
                0x0000000008004a0c                I2C_GenerateSTOP
                0x0000000008004a2c                I2C_10BitAddressHeaderCmd
                0x0000000008004a4c                I2C_AcknowledgeConfig
                0x0000000008004a6c                I2C_GetAddressMatched
                0x0000000008004a78                I2C_GetTransferDirection
                0x0000000008004a84                I2C_TransferHandling
                0x0000000008004aa4                I2C_SMBusAlertCmd
                0x0000000008004ac4                I2C_ClockTimeoutCmd
                0x0000000008004ae4                I2C_ExtendedClockTimeoutCmd
                0x0000000008004afc                I2C_IdleClockTimeoutCmd
                0x0000000008004b1c                I2C_TimeoutAConfig
                0x0000000008004b2c                I2C_TimeoutBConfig
                0x0000000008004b48                I2C_CalculatePEC
                0x0000000008004b68                I2C_PECRequestCmd
                0x0000000008004b88                I2C_GetPEC
                0x0000000008004b90                I2C_ReadRegister
                0x0000000008004ba8                I2C_SendData
                0x0000000008004bac                I2C_ReceiveData
                0x0000000008004bb4                I2C_DMACmd
                0x0000000008004bc8                I2C_GetFlagStatus
                0x0000000008004bd4                I2C_ClearFlag
                0x0000000008004bd8                I2C_GetITStatus
                0x0000000008004c0c                I2C_ClearITPendingBit
 .text          0x0000000008004c10      0x364 Libraries/libstm32f0.a(stm32f0xx_spi.o)
                0x0000000008004c10                SPI_I2S_DeInit
                0x0000000008004c54                SPI_StructInit
                0x0000000008004c70                SPI_Init
                0x0000000008004cc4                I2S_StructInit
                0x0000000008004cd8                I2S_Init
                0x0000000008004d80                SPI_Cmd
                0x0000000008004d98                SPI_TIModeCmd
                0x0000000008004db0                I2S_Cmd
                0x0000000008004dd0                SPI_DataSizeConfig
                0x0000000008004de0                SPI_RxFIFOThresholdConfig
                0x0000000008004df4                SPI_BiDirectionalLineConfig
                0x0000000008004e14                SPI_NSSInternalSoftwareConfig
                0x0000000008004e38                SPI_SSOutputCmd
                0x0000000008004e50                SPI_NSSPulseModeCmd
                0x0000000008004e68                SPI_SendData8
                0x0000000008004e6c                SPI_I2S_SendData16
                0x0000000008004e70                SPI_ReceiveData8
                0x0000000008004e78                SPI_I2S_ReceiveData16
                0x0000000008004e80                SPI_CRCLengthConfig
                0x0000000008004e94                SPI_CalculateCRC
                0x0000000008004eb4                SPI_TransmitCRC
                0x0000000008004ec0                SPI_GetCRC
                0x0000000008004ed0                SPI_GetCRCPolynomial
                0x0000000008004ed8                SPI_I2S_DMACmd
                0x0000000008004eec                SPI_LastDMATransferCmd
                0x0000000008004f00                SPI_I2S_ITConfig
                0x0000000008004f1c                SPI_GetTransmissionFIFOStatus
                0x0000000008004f28                SPI_GetReceptionFIFOStatus
                0x0000000008004f34                SPI_I2S_GetFlagStatus
                0x0000000008004f40                SPI_I2S_ClearFlag
                0x0000000008004f48                SPI_I2S_GetITStatus
 .text          0x0000000008004f74       0x1c Libraries/libstm32f0.a(mf_encoding.o)
                0x0000000008004f74                mf_getchar
                0x0000000008004f88                mf_rewind
 .text          0x0000000008004f90      0x120 /usr/lib/gcc/arm-none-eabi/4.9.3/armv6-m/libgcc.a(_udivsi3.o)
                0x0000000008004f90                __udivsi3
                0x0000000008004f90                __aeabi_uidiv
                0x000000000800509c                __aeabi_uidivmod
 .text          0x00000000080050b0      0x1e0 /usr/lib/gcc/arm-none-eabi/4.9.3/armv6-m/libgcc.a(_divsi3.o)
                0x00000000080050b0                __aeabi_idiv
                0x00000000080050b0                __divsi3
                0x000000000800527c                __aeabi_idivmod
 .text          0x0000000008005290        0x4 /usr/lib/gcc/arm-none-eabi/4.9.3/armv6-m/libgcc.a(_dvmd_tls.o)
                0x0000000008005290                __aeabi_ldiv0
                0x0000000008005290                __aeabi_idiv0
 .text          0x0000000008005294       0x34 /usr/lib/gcc/arm-none-eabi/4.9.3/../../../arm-none-eabi/lib/armv6-m/libg.a(lib_a-setjmp.o)
                0x0000000008005294                setjmp
                0x00000000080052ac                longjmp
 *(.text.*)
 .text.gfxSystemTicks
                0x00000000080052c8        0xc /tmp/ccK4WFTj.o
                0x00000000080052c8                gfxSystemTicks
 .text.gfxMillisecondsToTicks
                0x00000000080052d4        0x2 /tmp/ccK4WFTj.o
                0x00000000080052d4                gfxMillisecondsToTicks
 .text.WWDG_IRQHandler
                0x00000000080052d6        0x2 /tmp/ccK4WFTj.o
                0x00000000080052d6                WWDG_IRQHandler
 .text.USART2_IRQHandler
                0x00000000080052d8        0x2 /tmp/ccK4WFTj.o
                0x00000000080052d8                USART2_IRQHandler
 .text.USART1_IRQHandler
                0x00000000080052da        0x2 /tmp/ccK4WFTj.o
                0x00000000080052da                USART1_IRQHandler
 .text.TS_IRQHandler
                0x00000000080052dc        0x2 /tmp/ccK4WFTj.o
                0x00000000080052dc                TS_IRQHandler
 *fill*         0x00000000080052de        0x2 
 .text.startup.main
                0x00000000080052e0      0x348 /tmp/ccK4WFTj.o
                0x00000000080052e0                main
 .text.NMI_Handler
                0x0000000008005628        0x2 /tmp/cchGJUKJ.o
                0x0000000008005628                NMI_Handler
 .text.HardFault_Handler
                0x000000000800562a        0x2 /tmp/cchGJUKJ.o
                0x000000000800562a                HardFault_Handler
 .text.SVC_Handler
                0x000000000800562c        0x2 /tmp/cchGJUKJ.o
                0x000000000800562c                SVC_Handler
 .text.PendSV_Handler
                0x000000000800562e        0x2 /tmp/cchGJUKJ.o
                0x000000000800562e                PendSV_Handler
 .text.SysTick_Handler
                0x0000000008005630       0x10 /tmp/cchGJUKJ.o
                0x0000000008005630                SysTick_Handler
 .text.TIM2_IRQHandler
                0x0000000008005640       0x12 /tmp/cchGJUKJ.o
                0x0000000008005640                TIM2_IRQHandler
 *fill*         0x0000000008005652        0x2 
 .text.TIM3_IRQHandler
                0x0000000008005654       0x14 /tmp/cchGJUKJ.o
                0x0000000008005654                TIM3_IRQHandler
 .text.Interrupts_Config
                0x0000000008005668       0x10 /tmp/ccZajiO9.o
                0x0000000008005668                Interrupts_Config
 .text.Timer_RCC_Config
                0x0000000008005678        0xc /tmp/ccZajiO9.o
                0x0000000008005678                Timer_RCC_Config
 .text.Timer_Structure_Config
                0x0000000008005684       0x3e /tmp/ccZajiO9.o
                0x0000000008005684                Timer_Structure_Config
 .text.Timer_Config
                0x00000000080056c2        0xc /tmp/ccZajiO9.o
                0x00000000080056c2                Timer_Config
 *fill*         0x00000000080056ce        0x2 
 .text.delay_ms
                0x00000000080056d0       0x78 /tmp/ccZajiO9.o
                0x00000000080056d0                delay_ms
 .text.delay_us
                0x0000000008005748       0x74 /tmp/ccZajiO9.o
                0x0000000008005748                delay_us
 .text.decrement_delay
                0x00000000080057bc       0x18 /tmp/ccZajiO9.o
                0x00000000080057bc                decrement_delay
 .text.increment_timestamp
                0x00000000080057d4       0x14 /tmp/ccZajiO9.o
                0x00000000080057d4                increment_timestamp
 .text.SystemInit
                0x00000000080057e8       0xb4 /tmp/cc4dR2Yz.o
                0x00000000080057e8                SystemInit
 .text.get_timer_clock_frequency
                0x000000000800589c       0x1e /tmp/ccafHji0.o
                0x000000000800589c                get_timer_clock_frequency
 *fill*         0x00000000080058ba        0x2 
 .text.timer_clock_init
                0x00000000080058bc       0x5c /tmp/ccafHji0.o
                0x00000000080058bc                timer_clock_init
 .text.timer_pwm_init
                0x0000000008005918       0x60 /tmp/ccafHji0.o
                0x0000000008005918                timer_pwm_init
 .text.led_init
                0x0000000008005978       0xac /tmp/ccafHji0.o
                0x0000000008005978                led_init
 .text.Reset_Handler
                0x0000000008005a24       0x50 /tmp/cc4CFxCq.o
                0x0000000008005a24                Reset_Handler
 .text.Default_Handler
                0x0000000008005a74        0x2 /tmp/cc4CFxCq.o
                0x0000000008005a74                TIM1_CC_IRQHandler
                0x0000000008005a74                ADC1_COMP_IRQHandler
                0x0000000008005a74                PVD_IRQHandler
                0x0000000008005a74                I2C1_IRQHandler
                0x0000000008005a74                SPI1_IRQHandler
                0x0000000008005a74                TIM6_DAC_IRQHandler
                0x0000000008005a74                EXTI2_3_IRQHandler
                0x0000000008005a74                I2C2_IRQHandler
                0x0000000008005a74                TIM17_IRQHandler
                0x0000000008005a74                RTC_IRQHandler
                0x0000000008005a74                TIM16_IRQHandler
                0x0000000008005a74                EXTI4_15_IRQHandler
                0x0000000008005a74                RCC_IRQHandler
                0x0000000008005a74                DMA1_Channel1_IRQHandler
                0x0000000008005a74                Default_Handler
                0x0000000008005a74                CEC_IRQHandler
                0x0000000008005a74                TIM14_IRQHandler
                0x0000000008005a74                DMA1_Channel4_5_IRQHandler
                0x0000000008005a74                TIM7_DAC_IRQHandler
                0x0000000008005a74                TIM15_IRQHandler
                0x0000000008005a74                EXTI0_1_IRQHandler
                0x0000000008005a74                USB_IRQHandler
                0x0000000008005a74                SPI2_IRQHandler
                0x0000000008005a74                DMA1_Channel2_3_IRQHandler
                0x0000000008005a74                USART3_4_5_6_7_8_IRQHandler
                0x0000000008005a74                FLASH_IRQHandler
                0x0000000008005a74                TIM1_BRK_UP_TRG_COM_IRQHandler
 *fill*         0x0000000008005a76        0x2 
 .text.__libc_init_array
                0x0000000008005a78       0x48 /usr/lib/gcc/arm-none-eabi/4.9.3/../../../arm-none-eabi/lib/armv6-m/libg.a(lib_a-init.o)
                0x0000000008005a78                __libc_init_array
 .text.malloc   0x0000000008005ac0       0x14 /usr/lib/gcc/arm-none-eabi/4.9.3/../../../arm-none-eabi/lib/armv6-m/libg.a(lib_a-malloc.o)
                0x0000000008005ac0                malloc
 .text.free     0x0000000008005ad4       0x14 /usr/lib/gcc/arm-none-eabi/4.9.3/../../../arm-none-eabi/lib/armv6-m/libg.a(lib_a-malloc.o)
                0x0000000008005ad4                free
 .text._malloc_r
                0x0000000008005ae8      0x53c /usr/lib/gcc/arm-none-eabi/4.9.3/../../../arm-none-eabi/lib/armv6-m/libg.a(lib_a-mallocr.o)
                0x0000000008005ae8                _malloc_r
 .text.memcpy   0x0000000008006024       0x7c /usr/lib/gcc/arm-none-eabi/4.9.3/../../../arm-none-eabi/lib/armv6-m/libg.a(lib_a-memcpy.o)
                0x0000000008006024                memcpy
 .text.memset   0x00000000080060a0       0x8c /usr/lib/gcc/arm-none-eabi/4.9.3/../../../arm-none-eabi/lib/armv6-m/libg.a(lib_a-memset.o)
                0x00000000080060a0                memset
 .text.__malloc_lock
                0x000000000800612c        0x4 /usr/lib/gcc/arm-none-eabi/4.9.3/../../../arm-none-eabi/lib/armv6-m/libg.a(lib_a-mlock.o)
                0x000000000800612c                __malloc_lock
 .text.__malloc_unlock
                0x0000000008006130        0x4 /usr/lib/gcc/arm-none-eabi/4.9.3/../../../arm-none-eabi/lib/armv6-m/libg.a(lib_a-mlock.o)
                0x0000000008006130                __malloc_unlock
 .text.realloc  0x0000000008006134       0x18 /usr/lib/gcc/arm-none-eabi/4.9.3/../../../arm-none-eabi/lib/armv6-m/libg.a(lib_a-realloc.o)
                0x0000000008006134                realloc
 .text._realloc_r
                0x000000000800614c      0x3d0 /usr/lib/gcc/arm-none-eabi/4.9.3/../../../arm-none-eabi/lib/armv6-m/libg.a(lib_a-reallocr.o)
                0x000000000800614c                _realloc_r
 .text._sbrk_r  0x000000000800651c       0x24 /usr/lib/gcc/arm-none-eabi/4.9.3/../../../arm-none-eabi/lib/armv6-m/libg.a(lib_a-sbrkr.o)
                0x000000000800651c                _sbrk_r
 .text._malloc_trim_r
                0x0000000008006540       0xa0 /usr/lib/gcc/arm-none-eabi/4.9.3/../../../arm-none-eabi/lib/armv6-m/libg.a(lib_a-freer.o)
                0x0000000008006540                _malloc_trim_r
 .text._free_r  0x00000000080065e0      0x1b0 /usr/lib/gcc/arm-none-eabi/4.9.3/../../../arm-none-eabi/lib/armv6-m/libg.a(lib_a-freer.o)
                0x00000000080065e0                _free_r
 .text.memmove  0x0000000008006790       0x98 /usr/lib/gcc/arm-none-eabi/4.9.3/../../../arm-none-eabi/lib/armv6-m/libg.a(lib_a-memmove.o)
                0x0000000008006790                memmove
 .text._sbrk    0x0000000008006828       0x1c /usr/lib/gcc/arm-none-eabi/4.9.3/../../../arm-none-eabi/lib/armv6-m/libnosys.a(sbrk.o)
                0x0000000008006828                _sbrk
 *(.rodata)
 .rodata        0x0000000008006844        0xf /tmp/ccK4WFTj.o
 *fill*         0x0000000008006853        0x1 
 .rodata        0x0000000008006854       0xa0 Libraries/libstm32f0.a(gdisp.o)
 .rodata        0x00000000080068f4      0x6c0 Libraries/libstm32f0.a(mf_font.o)
                0x00000000080068f4                mf_bwfont_DejaVuSans12
 .rodata        0x0000000008006fb4       0x60 Libraries/libstm32f0.a(gdisp_lld_SSD1306.o)
                0x0000000008006fb4                GDISPVMT_OnlyOne
 .rodata        0x0000000008007014       0x3c Libraries/libstm32f0.a(gfile_fs_mem.o)
 *(.rodata*)
 .rodata.aura_logo
                0x0000000008007050      0x482 /tmp/ccK4WFTj.o
 .rodata.str1.1
                0x00000000080074d2       0x10 /tmp/ccK4WFTj.o
 *fill*         0x00000000080074e2        0x2 
 .rodata.str1.4
                0x00000000080074e4       0x21 Libraries/libstm32f0.a(mf_font.o)
 *fill*         0x0000000008007505        0x3 
 .rodata.str1.4
                0x0000000008007508        0x4 /usr/lib/gcc/arm-none-eabi/4.9.3/../../../arm-none-eabi/lib/armv6-m/libg.a(lib_a-impure.o)
 *(.glue_7)
 .glue_7        0x000000000800750c        0x0 linker stubs
 *(.glue_7t)
 .glue_7t       0x000000000800750c        0x0 linker stubs
 *(.init)
 .init          0x000000000800750c        0x4 /usr/lib/gcc/arm-none-eabi/4.9.3/armv6-m/crti.o
                0x000000000800750c                _init
 .init          0x0000000008007510        0x8 /usr/lib/gcc/arm-none-eabi/4.9.3/armv6-m/crtn.o
 *(.fini)
 .fini          0x0000000008007518        0x4 /usr/lib/gcc/arm-none-eabi/4.9.3/armv6-m/crti.o
                0x0000000008007518                _fini
 .fini          0x000000000800751c        0x8 /usr/lib/gcc/arm-none-eabi/4.9.3/armv6-m/crtn.o
                0x0000000008007524                . = ALIGN (0x4)
                0x0000000008007524                _etext = .
                0x0000000008007524                _sidata = _etext

.vfp11_veneer   0x0000000008007524        0x0
 .vfp11_veneer  0x0000000008007524        0x0 linker stubs

.v4_bx          0x0000000008007524        0x0
 .v4_bx         0x0000000008007524        0x0 linker stubs

.iplt           0x0000000008007524        0x0
 .iplt          0x0000000008007524        0x0 /usr/lib/gcc/arm-none-eabi/4.9.3/armv6-m/crtbegin.o

.rel.dyn        0x0000000008007524        0x0
 .rel.iplt      0x0000000008007524        0x0 /usr/lib/gcc/arm-none-eabi/4.9.3/armv6-m/crtbegin.o

.data           0x0000000020000000      0x874 load address 0x0000000008007524
                0x0000000020000000                . = ALIGN (0x4)
                0x0000000020000000                _sdata = .
                0x0000000020000000                _data = .
 *(.data)
 .data          0x0000000020000000       0x10 Libraries/libstm32f0.a(stm32f0xx_rcc.o)
 .data          0x0000000020000010        0x1 Libraries/libstm32f0.a(drv_I2C_M24SR.o)
 *fill*         0x0000000020000011        0x3 
 .data          0x0000000020000014       0x20 Libraries/libstm32f0.a(gdisp_image.o)
 *(.data.*)
 .data.SystemCoreClock
                0x0000000020000034        0x4 /tmp/cc4dR2Yz.o
                0x0000000020000034                SystemCoreClock
 .data.impure_data
                0x0000000020000038      0x428 /usr/lib/gcc/arm-none-eabi/4.9.3/../../../arm-none-eabi/lib/armv6-m/libg.a(lib_a-impure.o)
 .data._impure_ptr
                0x0000000020000460        0x4 /usr/lib/gcc/arm-none-eabi/4.9.3/../../../arm-none-eabi/lib/armv6-m/libg.a(lib_a-impure.o)
                0x0000000020000460                _impure_ptr
 .data.__malloc_av_
                0x0000000020000464      0x408 /usr/lib/gcc/arm-none-eabi/4.9.3/../../../arm-none-eabi/lib/armv6-m/libg.a(lib_a-mallocr.o)
                0x0000000020000464                __malloc_av_
 .data.__malloc_trim_threshold
                0x000000002000086c        0x4 /usr/lib/gcc/arm-none-eabi/4.9.3/../../../arm-none-eabi/lib/armv6-m/libg.a(lib_a-mallocr.o)
                0x000000002000086c                __malloc_trim_threshold
 .data.__malloc_sbrk_base
                0x0000000020000870        0x4 /usr/lib/gcc/arm-none-eabi/4.9.3/../../../arm-none-eabi/lib/armv6-m/libg.a(lib_a-mallocr.o)
                0x0000000020000870                __malloc_sbrk_base
 *(.RAMtext)
                0x0000000020000874                . = ALIGN (0x4)
                0x0000000020000874                _edata = .

.igot.plt       0x0000000020000874        0x0 load address 0x0000000008007d98
 .igot.plt      0x0000000020000874        0x0 /usr/lib/gcc/arm-none-eabi/4.9.3/armv6-m/crtbegin.o

.bss            0x0000000020000874      0x12c load address 0x0000000008007d98
                0x0000000020000874                . = ALIGN (0x4)
                0x0000000020000874                _sbss = .
                0x0000000020000874                _bss = .
 *(.bss)
 .bss           0x0000000020000874        0x1 Libraries/libstm32f0.a(gfx.o)
 *fill*         0x0000000020000875        0x3 
 .bss           0x0000000020000878        0x8 Libraries/libstm32f0.a(gdriver.o)
 .bss           0x0000000020000880        0x1 Libraries/libstm32f0.a(gdisp.o)
 *fill*         0x0000000020000881        0x3 
 .bss           0x0000000020000884        0x4 Libraries/libstm32f0.a(gdisp_fonts.o)
 .bss           0x0000000020000888       0x98 Libraries/libstm32f0.a(gos_x_threads.o)
 .bss           0x0000000020000920       0x30 Libraries/libstm32f0.a(gfile.o)
 *(.bss.*)
 .bss.counter_delay_ms
                0x0000000020000950        0x2 /tmp/ccZajiO9.o
 *fill*         0x0000000020000952        0x2 
 .bss.timestamp_us
                0x0000000020000954        0x4 /tmp/ccZajiO9.o
 .bss.__malloc_max_total_mem
                0x0000000020000958        0x4 /usr/lib/gcc/arm-none-eabi/4.9.3/../../../arm-none-eabi/lib/armv6-m/libg.a(lib_a-mallocr.o)
                0x0000000020000958                __malloc_max_total_mem
 .bss.__malloc_max_sbrked_mem
                0x000000002000095c        0x4 /usr/lib/gcc/arm-none-eabi/4.9.3/../../../arm-none-eabi/lib/armv6-m/libg.a(lib_a-mallocr.o)
                0x000000002000095c                __malloc_max_sbrked_mem
 .bss.__malloc_top_pad
                0x0000000020000960        0x4 /usr/lib/gcc/arm-none-eabi/4.9.3/../../../arm-none-eabi/lib/armv6-m/libg.a(lib_a-mallocr.o)
                0x0000000020000960                __malloc_top_pad
 .bss.__malloc_current_mallinfo
                0x0000000020000964       0x28 /usr/lib/gcc/arm-none-eabi/4.9.3/../../../arm-none-eabi/lib/armv6-m/libg.a(lib_a-mallocr.o)
                0x0000000020000964                __malloc_current_mallinfo
 .bss.heap_end.4079
                0x000000002000098c        0x4 /usr/lib/gcc/arm-none-eabi/4.9.3/../../../arm-none-eabi/lib/armv6-m/libnosys.a(sbrk.o)
 *(COMMON)
 COMMON         0x0000000020000990        0x4 /tmp/cchGJUKJ.o
                0x0000000020000990                MSec
 COMMON         0x0000000020000994        0x4 Libraries/libstm32f0.a(gdisp.o)
                0x0000000020000994                GDISP
 COMMON         0x0000000020000998        0x4 Libraries/libstm32f0.a(gos_x_threads.o)
                0x0000000020000998                _gfxCurrentThread
 COMMON         0x000000002000099c        0x4 /usr/lib/gcc/arm-none-eabi/4.9.3/../../../arm-none-eabi/lib/armv6-m/libg.a(lib_a-reent.o)
                0x000000002000099c                errno
                0x00000000200009a0                . = ALIGN (0x4)
                0x00000000200009a0                _ebss = .
                0x00000000200009a0                PROVIDE (end, _ebss)
                [!provide]                        PROVIDE (_end, _ebss)
                0x00000000200009a0                __exidx_start = .
                0x00000000200009a0                __exidx_end = .

/DISCARD/
 libc.a(*)
 libm.a(*)
 libgcc.a(*)

.stab
 *(.stab)

.stabstr
 *(.stabstr)

.stab.excl
 *(.stab.excl)

.stab.exclstr
 *(.stab.exclstr)

.stab.index
 *(.stab.index)

.stab.indexstr
 *(.stab.indexstr)

.comment        0x0000000000000000       0x70
 *(.comment)
 .comment       0x0000000000000000       0x38 /tmp/ccK4WFTj.o
                                         0x39 (size before relaxing)
 .comment       0x0000000000000038       0x39 /tmp/cchGJUKJ.o
 .comment       0x0000000000000038       0x39 /tmp/ccZajiO9.o
 .comment       0x0000000000000038       0x39 /tmp/cc4dR2Yz.o
 .comment       0x0000000000000038       0x39 /tmp/ccafHji0.o
 .comment       0x0000000000000038       0x39 Libraries/libstm32f0.a(stm32f0xx_gpio.o)
 .comment       0x0000000000000038       0x39 Libraries/libstm32f0.a(stm32f0xx_rcc.o)
 .comment       0x0000000000000038       0x39 Libraries/libstm32f0.a(stm32f0xx_tim.o)
 .comment       0x0000000000000038       0x39 Libraries/libstm32f0.a(drv_I2C_M24SR.o)
 .comment       0x0000000000000038       0x39 Libraries/libstm32f0.a(gfx.o)
 .comment       0x0000000000000038       0x39 Libraries/libstm32f0.a(gdriver.o)
 .comment       0x0000000000000038       0x39 Libraries/libstm32f0.a(gdisp.o)
 .comment       0x0000000000000038       0x39 Libraries/libstm32f0.a(gdisp_fonts.o)
 .comment       0x0000000000000038       0x39 Libraries/libstm32f0.a(gdisp_image.o)
 .comment       0x0000000000000038       0x39 Libraries/libstm32f0.a(gdisp_image_bmp.o)
 .comment       0x0000000000000038       0x39 Libraries/libstm32f0.a(mf_font.o)
 .comment       0x0000000000000038       0x39 Libraries/libstm32f0.a(mf_justify.o)
 .comment       0x0000000000000038       0x39 Libraries/libstm32f0.a(mf_bwfont.o)
 .comment       0x0000000000000038       0x39 Libraries/libstm32f0.a(mf_scaledfont.o)
 .comment       0x0000000000000038       0x39 Libraries/libstm32f0.a(gdisp_lld_SSD1306.o)
 .comment       0x0000000000000038       0x39 Libraries/libstm32f0.a(gos_raw32.o)
 .comment       0x0000000000000038       0x39 Libraries/libstm32f0.a(gos_x_threads.o)
 .comment       0x0000000000000038       0x39 Libraries/libstm32f0.a(gos_x_heap.o)
 .comment       0x0000000000000038       0x39 Libraries/libstm32f0.a(gfile.o)
 .comment       0x0000000000000038       0x39 Libraries/libstm32f0.a(gfile_fs_mem.o)
 .comment       0x0000000000000038       0x39 Libraries/libstm32f0.a(stm32f0xx_i2c.o)
 .comment       0x0000000000000038       0x39 Libraries/libstm32f0.a(stm32f0xx_spi.o)
 .comment       0x0000000000000038       0x39 Libraries/libstm32f0.a(mf_encoding.o)
 .comment       0x0000000000000038       0x38 /usr/lib/gcc/arm-none-eabi/4.9.3/../../../arm-none-eabi/lib/armv6-m/libg.a(lib_a-impure.o)
                                         0x39 (size before relaxing)
 .comment       0x0000000000000070       0x39 /usr/lib/gcc/arm-none-eabi/4.9.3/../../../arm-none-eabi/lib/armv6-m/libg.a(lib_a-init.o)
 .comment       0x0000000000000070       0x39 /usr/lib/gcc/arm-none-eabi/4.9.3/../../../arm-none-eabi/lib/armv6-m/libg.a(lib_a-malloc.o)
 .comment       0x0000000000000070       0x39 /usr/lib/gcc/arm-none-eabi/4.9.3/../../../arm-none-eabi/lib/armv6-m/libg.a(lib_a-mallocr.o)
 .comment       0x0000000000000070       0x39 /usr/lib/gcc/arm-none-eabi/4.9.3/../../../arm-none-eabi/lib/armv6-m/libg.a(lib_a-memcpy.o)
 .comment       0x0000000000000070       0x39 /usr/lib/gcc/arm-none-eabi/4.9.3/../../../arm-none-eabi/lib/armv6-m/libg.a(lib_a-memset.o)
 .comment       0x0000000000000070       0x39 /usr/lib/gcc/arm-none-eabi/4.9.3/../../../arm-none-eabi/lib/armv6-m/libg.a(lib_a-mlock.o)
 .comment       0x0000000000000070       0x39 /usr/lib/gcc/arm-none-eabi/4.9.3/../../../arm-none-eabi/lib/armv6-m/libg.a(lib_a-realloc.o)
 .comment       0x0000000000000070       0x39 /usr/lib/gcc/arm-none-eabi/4.9.3/../../../arm-none-eabi/lib/armv6-m/libg.a(lib_a-reallocr.o)
 .comment       0x0000000000000070       0x39 /usr/lib/gcc/arm-none-eabi/4.9.3/../../../arm-none-eabi/lib/armv6-m/libg.a(lib_a-sbrkr.o)
 .comment       0x0000000000000070       0x39 /usr/lib/gcc/arm-none-eabi/4.9.3/../../../arm-none-eabi/lib/armv6-m/libg.a(lib_a-freer.o)
 .comment       0x0000000000000070       0x39 /usr/lib/gcc/arm-none-eabi/4.9.3/../../../arm-none-eabi/lib/armv6-m/libg.a(lib_a-memmove.o)
 .comment       0x0000000000000070       0x39 /usr/lib/gcc/arm-none-eabi/4.9.3/../../../arm-none-eabi/lib/armv6-m/libg.a(lib_a-reent.o)
 .comment       0x0000000000000070       0x39 /usr/lib/gcc/arm-none-eabi/4.9.3/../../../arm-none-eabi/lib/armv6-m/libnosys.a(sbrk.o)

.ARM.attributes
                0x0000000000000000       0x28
 .ARM.attributes
                0x0000000000000000       0x1e /usr/lib/gcc/arm-none-eabi/4.9.3/armv6-m/crti.o
 .ARM.attributes
                0x000000000000001e       0x31 /tmp/ccK4WFTj.o
 .ARM.attributes
                0x000000000000004f       0x31 /tmp/cchGJUKJ.o
 .ARM.attributes
                0x0000000000000080       0x31 /tmp/ccZajiO9.o
 .ARM.attributes
                0x00000000000000b1       0x31 /tmp/cc4dR2Yz.o
 .ARM.attributes
                0x00000000000000e2       0x31 /tmp/ccafHji0.o
 .ARM.attributes
                0x0000000000000113       0x21 /tmp/cc4CFxCq.o
 .ARM.attributes
                0x0000000000000134       0x31 Libraries/libstm32f0.a(stm32f0xx_gpio.o)
 .ARM.attributes
                0x0000000000000165       0x31 Libraries/libstm32f0.a(stm32f0xx_rcc.o)
 .ARM.attributes
                0x0000000000000196       0x31 Libraries/libstm32f0.a(stm32f0xx_tim.o)
 .ARM.attributes
                0x00000000000001c7       0x31 Libraries/libstm32f0.a(drv_I2C_M24SR.o)
 .ARM.attributes
                0x00000000000001f8       0x31 Libraries/libstm32f0.a(gfx.o)
 .ARM.attributes
                0x0000000000000229       0x31 Libraries/libstm32f0.a(gdriver.o)
 .ARM.attributes
                0x000000000000025a       0x31 Libraries/libstm32f0.a(gdisp.o)
 .ARM.attributes
                0x000000000000028b       0x31 Libraries/libstm32f0.a(gdisp_fonts.o)
 .ARM.attributes
                0x00000000000002bc       0x31 Libraries/libstm32f0.a(gdisp_image.o)
 .ARM.attributes
                0x00000000000002ed       0x31 Libraries/libstm32f0.a(gdisp_image_bmp.o)
 .ARM.attributes
                0x000000000000031e       0x31 Libraries/libstm32f0.a(mf_font.o)
 .ARM.attributes
                0x000000000000034f       0x31 Libraries/libstm32f0.a(mf_justify.o)
 .ARM.attributes
                0x0000000000000380       0x31 Libraries/libstm32f0.a(mf_bwfont.o)
 .ARM.attributes
                0x00000000000003b1       0x31 Libraries/libstm32f0.a(mf_scaledfont.o)
 .ARM.attributes
                0x00000000000003e2       0x31 Libraries/libstm32f0.a(gdisp_lld_SSD1306.o)
 .ARM.attributes
                0x0000000000000413       0x31 Libraries/libstm32f0.a(gos_raw32.o)
 .ARM.attributes
                0x0000000000000444       0x31 Libraries/libstm32f0.a(gos_x_threads.o)
 .ARM.attributes
                0x0000000000000475       0x31 Libraries/libstm32f0.a(gos_x_heap.o)
 .ARM.attributes
                0x00000000000004a6       0x31 Libraries/libstm32f0.a(gfile.o)
 .ARM.attributes
                0x00000000000004d7       0x31 Libraries/libstm32f0.a(gfile_fs_mem.o)
 .ARM.attributes
                0x0000000000000508       0x31 Libraries/libstm32f0.a(stm32f0xx_i2c.o)
 .ARM.attributes
                0x0000000000000539       0x31 Libraries/libstm32f0.a(stm32f0xx_spi.o)
 .ARM.attributes
                0x000000000000056a       0x31 Libraries/libstm32f0.a(mf_encoding.o)
 .ARM.attributes
                0x000000000000059b       0x1e /usr/lib/gcc/arm-none-eabi/4.9.3/armv6-m/libgcc.a(_udivsi3.o)
 .ARM.attributes
                0x00000000000005b9       0x1e /usr/lib/gcc/arm-none-eabi/4.9.3/armv6-m/libgcc.a(_divsi3.o)
 .ARM.attributes
                0x00000000000005d7       0x1e /usr/lib/gcc/arm-none-eabi/4.9.3/armv6-m/libgcc.a(_dvmd_tls.o)
 .ARM.attributes
                0x00000000000005f5       0x2c /usr/lib/gcc/arm-none-eabi/4.9.3/../../../arm-none-eabi/lib/armv6-m/libg.a(lib_a-impure.o)
 .ARM.attributes
                0x0000000000000621       0x2c /usr/lib/gcc/arm-none-eabi/4.9.3/../../../arm-none-eabi/lib/armv6-m/libg.a(lib_a-init.o)
 .ARM.attributes
                0x000000000000064d       0x2c /usr/lib/gcc/arm-none-eabi/4.9.3/../../../arm-none-eabi/lib/armv6-m/libg.a(lib_a-malloc.o)
 .ARM.attributes
                0x0000000000000679       0x2c /usr/lib/gcc/arm-none-eabi/4.9.3/../../../arm-none-eabi/lib/armv6-m/libg.a(lib_a-mallocr.o)
 .ARM.attributes
                0x00000000000006a5       0x2c /usr/lib/gcc/arm-none-eabi/4.9.3/../../../arm-none-eabi/lib/armv6-m/libg.a(lib_a-memcpy.o)
 .ARM.attributes
                0x00000000000006d1       0x2c /usr/lib/gcc/arm-none-eabi/4.9.3/../../../arm-none-eabi/lib/armv6-m/libg.a(lib_a-memset.o)
 .ARM.attributes
                0x00000000000006fd       0x2c /usr/lib/gcc/arm-none-eabi/4.9.3/../../../arm-none-eabi/lib/armv6-m/libg.a(lib_a-mlock.o)
 .ARM.attributes
                0x0000000000000729       0x2c /usr/lib/gcc/arm-none-eabi/4.9.3/../../../arm-none-eabi/lib/armv6-m/libg.a(lib_a-realloc.o)
 .ARM.attributes
                0x0000000000000755       0x2c /usr/lib/gcc/arm-none-eabi/4.9.3/../../../arm-none-eabi/lib/armv6-m/libg.a(lib_a-reallocr.o)
 .ARM.attributes
                0x0000000000000781       0x2c /usr/lib/gcc/arm-none-eabi/4.9.3/../../../arm-none-eabi/lib/armv6-m/libg.a(lib_a-sbrkr.o)
 .ARM.attributes
                0x00000000000007ad       0x1c /usr/lib/gcc/arm-none-eabi/4.9.3/../../../arm-none-eabi/lib/armv6-m/libg.a(lib_a-setjmp.o)
 .ARM.attributes
                0x00000000000007c9       0x2c /usr/lib/gcc/arm-none-eabi/4.9.3/../../../arm-none-eabi/lib/armv6-m/libg.a(lib_a-freer.o)
 .ARM.attributes
                0x00000000000007f5       0x2c /usr/lib/gcc/arm-none-eabi/4.9.3/../../../arm-none-eabi/lib/armv6-m/libg.a(lib_a-memmove.o)
 .ARM.attributes
                0x0000000000000821       0x2c /usr/lib/gcc/arm-none-eabi/4.9.3/../../../arm-none-eabi/lib/armv6-m/libg.a(lib_a-reent.o)
 .ARM.attributes
                0x000000000000084d       0x2c /usr/lib/gcc/arm-none-eabi/4.9.3/../../../arm-none-eabi/lib/armv6-m/libnosys.a(sbrk.o)
 .ARM.attributes
                0x0000000000000879       0x1e /usr/lib/gcc/arm-none-eabi/4.9.3/armv6-m/crtn.o

.debug
 *(.debug)

.line
 *(.line)

.debug_srcinfo
 *(.debug_srcinfo)

.debug_sfnames
 *(.debug_sfnames)

.debug_aranges  0x0000000000000000      0x718
 *(.debug_aranges)
 .debug_aranges
                0x0000000000000000       0x58 /tmp/ccK4WFTj.o
 .debug_aranges
                0x0000000000000058       0x78 /tmp/cchGJUKJ.o
 .debug_aranges
                0x00000000000000d0       0x88 /tmp/ccZajiO9.o
 .debug_aranges
                0x0000000000000158       0x28 /tmp/cc4dR2Yz.o
 .debug_aranges
                0x0000000000000180       0x38 /tmp/ccafHji0.o
 .debug_aranges
                0x00000000000001b8       0x28 /tmp/cc4CFxCq.o
 .debug_aranges
                0x00000000000001e0       0x20 Libraries/libstm32f0.a(stm32f0xx_gpio.o)
 .debug_aranges
                0x0000000000000200       0x20 Libraries/libstm32f0.a(stm32f0xx_rcc.o)
 .debug_aranges
                0x0000000000000220       0x20 Libraries/libstm32f0.a(stm32f0xx_tim.o)
 .debug_aranges
                0x0000000000000240       0x20 Libraries/libstm32f0.a(drv_I2C_M24SR.o)
 .debug_aranges
                0x0000000000000260       0x20 Libraries/libstm32f0.a(gfx.o)
 .debug_aranges
                0x0000000000000280       0x20 Libraries/libstm32f0.a(gdriver.o)
 .debug_aranges
                0x00000000000002a0       0x20 Libraries/libstm32f0.a(gdisp.o)
 .debug_aranges
                0x00000000000002c0       0x20 Libraries/libstm32f0.a(gdisp_fonts.o)
 .debug_aranges
                0x00000000000002e0       0x20 Libraries/libstm32f0.a(gdisp_image.o)
 .debug_aranges
                0x0000000000000300       0x20 Libraries/libstm32f0.a(gdisp_image_bmp.o)
 .debug_aranges
                0x0000000000000320       0x20 Libraries/libstm32f0.a(mf_font.o)
 .debug_aranges
                0x0000000000000340       0x20 Libraries/libstm32f0.a(mf_justify.o)
 .debug_aranges
                0x0000000000000360       0x20 Libraries/libstm32f0.a(mf_bwfont.o)
 .debug_aranges
                0x0000000000000380       0x20 Libraries/libstm32f0.a(mf_scaledfont.o)
 .debug_aranges
                0x00000000000003a0       0x20 Libraries/libstm32f0.a(gdisp_lld_SSD1306.o)
 .debug_aranges
                0x00000000000003c0       0x20 Libraries/libstm32f0.a(gos_raw32.o)
 .debug_aranges
                0x00000000000003e0       0x20 Libraries/libstm32f0.a(gos_x_threads.o)
 .debug_aranges
                0x0000000000000400       0x20 Libraries/libstm32f0.a(gos_x_heap.o)
 .debug_aranges
                0x0000000000000420       0x20 Libraries/libstm32f0.a(gfile.o)
 .debug_aranges
                0x0000000000000440       0x20 Libraries/libstm32f0.a(gfile_fs_mem.o)
 .debug_aranges
                0x0000000000000460       0x20 Libraries/libstm32f0.a(stm32f0xx_i2c.o)
 .debug_aranges
                0x0000000000000480       0x20 Libraries/libstm32f0.a(stm32f0xx_spi.o)
 .debug_aranges
                0x00000000000004a0       0x20 Libraries/libstm32f0.a(mf_encoding.o)
 .debug_aranges
                0x00000000000004c0       0x20 /usr/lib/gcc/arm-none-eabi/4.9.3/armv6-m/libgcc.a(_udivsi3.o)
 .debug_aranges
                0x00000000000004e0       0x20 /usr/lib/gcc/arm-none-eabi/4.9.3/armv6-m/libgcc.a(_divsi3.o)
 .debug_aranges
                0x0000000000000500       0x20 /usr/lib/gcc/arm-none-eabi/4.9.3/armv6-m/libgcc.a(_dvmd_tls.o)
 .debug_aranges
                0x0000000000000520       0x18 /usr/lib/gcc/arm-none-eabi/4.9.3/../../../arm-none-eabi/lib/armv6-m/libg.a(lib_a-impure.o)
 .debug_aranges
                0x0000000000000538       0x20 /usr/lib/gcc/arm-none-eabi/4.9.3/../../../arm-none-eabi/lib/armv6-m/libg.a(lib_a-init.o)
 .debug_aranges
                0x0000000000000558       0x28 /usr/lib/gcc/arm-none-eabi/4.9.3/../../../arm-none-eabi/lib/armv6-m/libg.a(lib_a-malloc.o)
 .debug_aranges
                0x0000000000000580       0x20 /usr/lib/gcc/arm-none-eabi/4.9.3/../../../arm-none-eabi/lib/armv6-m/libg.a(lib_a-mallocr.o)
 .debug_aranges
                0x00000000000005a0       0x20 /usr/lib/gcc/arm-none-eabi/4.9.3/../../../arm-none-eabi/lib/armv6-m/libg.a(lib_a-memcpy.o)
 .debug_aranges
                0x00000000000005c0       0x20 /usr/lib/gcc/arm-none-eabi/4.9.3/../../../arm-none-eabi/lib/armv6-m/libg.a(lib_a-memset.o)
 .debug_aranges
                0x00000000000005e0       0x28 /usr/lib/gcc/arm-none-eabi/4.9.3/../../../arm-none-eabi/lib/armv6-m/libg.a(lib_a-mlock.o)
 .debug_aranges
                0x0000000000000608       0x20 /usr/lib/gcc/arm-none-eabi/4.9.3/../../../arm-none-eabi/lib/armv6-m/libg.a(lib_a-realloc.o)
 .debug_aranges
                0x0000000000000628       0x20 /usr/lib/gcc/arm-none-eabi/4.9.3/../../../arm-none-eabi/lib/armv6-m/libg.a(lib_a-reallocr.o)
 .debug_aranges
                0x0000000000000648       0x20 /usr/lib/gcc/arm-none-eabi/4.9.3/../../../arm-none-eabi/lib/armv6-m/libg.a(lib_a-sbrkr.o)
 .debug_aranges
                0x0000000000000668       0x20 /usr/lib/gcc/arm-none-eabi/4.9.3/../../../arm-none-eabi/lib/armv6-m/libg.a(lib_a-setjmp.o)
 .debug_aranges
                0x0000000000000688       0x28 /usr/lib/gcc/arm-none-eabi/4.9.3/../../../arm-none-eabi/lib/armv6-m/libg.a(lib_a-freer.o)
 .debug_aranges
                0x00000000000006b0       0x20 /usr/lib/gcc/arm-none-eabi/4.9.3/../../../arm-none-eabi/lib/armv6-m/libg.a(lib_a-memmove.o)
 .debug_aranges
                0x00000000000006d0       0x28 /usr/lib/gcc/arm-none-eabi/4.9.3/../../../arm-none-eabi/lib/armv6-m/libg.a(lib_a-reent.o)
 .debug_aranges
                0x00000000000006f8       0x20 /usr/lib/gcc/arm-none-eabi/4.9.3/../../../arm-none-eabi/lib/armv6-m/libnosys.a(sbrk.o)

.debug_pubnames
 *(.debug_pubnames)

.debug_info     0x0000000000000000    0x1870d
 *(.debug_info .gnu.linkonce.wi.*)
 .debug_info    0x0000000000000000     0x14d1 /tmp/ccK4WFTj.o
 .debug_info    0x00000000000014d1      0x3f2 /tmp/cchGJUKJ.o
 .debug_info    0x00000000000018c3      0xd53 /tmp/ccZajiO9.o
 .debug_info    0x0000000000002616      0x2eb /tmp/cc4dR2Yz.o
 .debug_info    0x0000000000002901      0xa86 /tmp/ccafHji0.o
 .debug_info    0x0000000000003387       0x6f /tmp/cc4CFxCq.o
 .debug_info    0x00000000000033f6      0x6d8 Libraries/libstm32f0.a(stm32f0xx_gpio.o)
 .debug_info    0x0000000000003ace      0x9b0 Libraries/libstm32f0.a(stm32f0xx_rcc.o)
 .debug_info    0x000000000000447e     0x2389 Libraries/libstm32f0.a(stm32f0xx_tim.o)
 .debug_info    0x0000000000006807      0xf29 Libraries/libstm32f0.a(drv_I2C_M24SR.o)
 .debug_info    0x0000000000007730      0x14b Libraries/libstm32f0.a(gfx.o)
 .debug_info    0x000000000000787b      0x43e Libraries/libstm32f0.a(gdriver.o)
 .debug_info    0x0000000000007cb9     0x1f5d Libraries/libstm32f0.a(gdisp.o)
 .debug_info    0x0000000000009c16      0x49a Libraries/libstm32f0.a(gdisp_fonts.o)
 .debug_info    0x000000000000a0b0      0x6fb Libraries/libstm32f0.a(gdisp_image.o)
 .debug_info    0x000000000000a7ab      0x9e0 Libraries/libstm32f0.a(gdisp_image_bmp.o)
 .debug_info    0x000000000000b18b      0x58d Libraries/libstm32f0.a(mf_font.o)
 .debug_info    0x000000000000b718      0x98d Libraries/libstm32f0.a(mf_justify.o)
 .debug_info    0x000000000000c0a5      0x702 Libraries/libstm32f0.a(mf_bwfont.o)
 .debug_info    0x000000000000c7a7      0x44c Libraries/libstm32f0.a(mf_scaledfont.o)
 .debug_info    0x000000000000cbf3     0x2327 Libraries/libstm32f0.a(gdisp_lld_SSD1306.o)
 .debug_info    0x000000000000ef1a      0x137 Libraries/libstm32f0.a(gos_raw32.o)
 .debug_info    0x000000000000f051      0xc4a Libraries/libstm32f0.a(gos_x_threads.o)
 .debug_info    0x000000000000fc9b      0x1a2 Libraries/libstm32f0.a(gos_x_heap.o)
 .debug_info    0x000000000000fe3d      0x7f2 Libraries/libstm32f0.a(gfile.o)
 .debug_info    0x000000000001062f      0x44c Libraries/libstm32f0.a(gfile_fs_mem.o)
 .debug_info    0x0000000000010a7b      0xc00 Libraries/libstm32f0.a(stm32f0xx_i2c.o)
 .debug_info    0x000000000001167b      0xb2a Libraries/libstm32f0.a(stm32f0xx_spi.o)
 .debug_info    0x00000000000121a5       0xe9 Libraries/libstm32f0.a(mf_encoding.o)
 .debug_info    0x000000000001228e       0xb9 /usr/lib/gcc/arm-none-eabi/4.9.3/armv6-m/libgcc.a(_udivsi3.o)
 .debug_info    0x0000000000012347       0xb9 /usr/lib/gcc/arm-none-eabi/4.9.3/armv6-m/libgcc.a(_divsi3.o)
 .debug_info    0x0000000000012400       0xb9 /usr/lib/gcc/arm-none-eabi/4.9.3/armv6-m/libgcc.a(_dvmd_tls.o)
 .debug_info    0x00000000000124b9      0x894 /usr/lib/gcc/arm-none-eabi/4.9.3/../../../arm-none-eabi/lib/armv6-m/libg.a(lib_a-impure.o)
 .debug_info    0x0000000000012d4d      0x105 /usr/lib/gcc/arm-none-eabi/4.9.3/../../../arm-none-eabi/lib/armv6-m/libg.a(lib_a-init.o)
 .debug_info    0x0000000000012e52      0x915 /usr/lib/gcc/arm-none-eabi/4.9.3/../../../arm-none-eabi/lib/armv6-m/libg.a(lib_a-malloc.o)
 .debug_info    0x0000000000013767      0xd6e /usr/lib/gcc/arm-none-eabi/4.9.3/../../../arm-none-eabi/lib/armv6-m/libg.a(lib_a-mallocr.o)
 .debug_info    0x00000000000144d5      0x131 /usr/lib/gcc/arm-none-eabi/4.9.3/../../../arm-none-eabi/lib/armv6-m/libg.a(lib_a-memcpy.o)
 .debug_info    0x0000000000014606      0x117 /usr/lib/gcc/arm-none-eabi/4.9.3/../../../arm-none-eabi/lib/armv6-m/libg.a(lib_a-memset.o)
 .debug_info    0x000000000001471d      0x8b4 /usr/lib/gcc/arm-none-eabi/4.9.3/../../../arm-none-eabi/lib/armv6-m/libg.a(lib_a-mlock.o)
 .debug_info    0x0000000000014fd1      0x8e3 /usr/lib/gcc/arm-none-eabi/4.9.3/../../../arm-none-eabi/lib/armv6-m/libg.a(lib_a-realloc.o)
 .debug_info    0x00000000000158b4      0xcd5 /usr/lib/gcc/arm-none-eabi/4.9.3/../../../arm-none-eabi/lib/armv6-m/libg.a(lib_a-reallocr.o)
 .debug_info    0x0000000000016589      0x8f4 /usr/lib/gcc/arm-none-eabi/4.9.3/../../../arm-none-eabi/lib/armv6-m/libg.a(lib_a-sbrkr.o)
 .debug_info    0x0000000000016e7d       0xc6 /usr/lib/gcc/arm-none-eabi/4.9.3/../../../arm-none-eabi/lib/armv6-m/libg.a(lib_a-setjmp.o)
 .debug_info    0x0000000000016f43      0xc06 /usr/lib/gcc/arm-none-eabi/4.9.3/../../../arm-none-eabi/lib/armv6-m/libg.a(lib_a-freer.o)
 .debug_info    0x0000000000017b49      0x131 /usr/lib/gcc/arm-none-eabi/4.9.3/../../../arm-none-eabi/lib/armv6-m/libg.a(lib_a-memmove.o)
 .debug_info    0x0000000000017c7a      0x9f8 /usr/lib/gcc/arm-none-eabi/4.9.3/../../../arm-none-eabi/lib/armv6-m/libg.a(lib_a-reent.o)
 .debug_info    0x0000000000018672       0x9b /usr/lib/gcc/arm-none-eabi/4.9.3/../../../arm-none-eabi/lib/armv6-m/libnosys.a(sbrk.o)

.debug_abbrev   0x0000000000000000     0x4d31
 *(.debug_abbrev)
 .debug_abbrev  0x0000000000000000      0x385 /tmp/ccK4WFTj.o
 .debug_abbrev  0x0000000000000385      0x111 /tmp/cchGJUKJ.o
 .debug_abbrev  0x0000000000000496      0x293 /tmp/ccZajiO9.o
 .debug_abbrev  0x0000000000000729      0x131 /tmp/cc4dR2Yz.o
 .debug_abbrev  0x000000000000085a      0x1a9 /tmp/ccafHji0.o
 .debug_abbrev  0x0000000000000a03       0x12 /tmp/cc4CFxCq.o
 .debug_abbrev  0x0000000000000a15      0x1c7 Libraries/libstm32f0.a(stm32f0xx_gpio.o)
 .debug_abbrev  0x0000000000000bdc      0x230 Libraries/libstm32f0.a(stm32f0xx_rcc.o)
 .debug_abbrev  0x0000000000000e0c      0x29a Libraries/libstm32f0.a(stm32f0xx_tim.o)
 .debug_abbrev  0x00000000000010a6      0x26d Libraries/libstm32f0.a(drv_I2C_M24SR.o)
 .debug_abbrev  0x0000000000001313       0x7c Libraries/libstm32f0.a(gfx.o)
 .debug_abbrev  0x000000000000138f      0x19e Libraries/libstm32f0.a(gdriver.o)
 .debug_abbrev  0x000000000000152d      0x3e3 Libraries/libstm32f0.a(gdisp.o)
 .debug_abbrev  0x0000000000001910      0x18e Libraries/libstm32f0.a(gdisp_fonts.o)
 .debug_abbrev  0x0000000000001a9e      0x1e3 Libraries/libstm32f0.a(gdisp_image.o)
 .debug_abbrev  0x0000000000001c81      0x25b Libraries/libstm32f0.a(gdisp_image_bmp.o)
 .debug_abbrev  0x0000000000001edc      0x1c6 Libraries/libstm32f0.a(mf_font.o)
 .debug_abbrev  0x00000000000020a2      0x26e Libraries/libstm32f0.a(mf_justify.o)
 .debug_abbrev  0x0000000000002310      0x1c9 Libraries/libstm32f0.a(mf_bwfont.o)
 .debug_abbrev  0x00000000000024d9      0x170 Libraries/libstm32f0.a(mf_scaledfont.o)
 .debug_abbrev  0x0000000000002649      0x358 Libraries/libstm32f0.a(gdisp_lld_SSD1306.o)
 .debug_abbrev  0x00000000000029a1       0xad Libraries/libstm32f0.a(gos_raw32.o)
 .debug_abbrev  0x0000000000002a4e      0x412 Libraries/libstm32f0.a(gos_x_threads.o)
 .debug_abbrev  0x0000000000002e60       0xee Libraries/libstm32f0.a(gos_x_heap.o)
 .debug_abbrev  0x0000000000002f4e      0x236 Libraries/libstm32f0.a(gfile.o)
 .debug_abbrev  0x0000000000003184      0x15b Libraries/libstm32f0.a(gfile_fs_mem.o)
 .debug_abbrev  0x00000000000032df      0x1af Libraries/libstm32f0.a(stm32f0xx_i2c.o)
 .debug_abbrev  0x000000000000348e      0x1e7 Libraries/libstm32f0.a(stm32f0xx_spi.o)
 .debug_abbrev  0x0000000000003675       0x99 Libraries/libstm32f0.a(mf_encoding.o)
 .debug_abbrev  0x000000000000370e       0x14 /usr/lib/gcc/arm-none-eabi/4.9.3/armv6-m/libgcc.a(_udivsi3.o)
 .debug_abbrev  0x0000000000003722       0x14 /usr/lib/gcc/arm-none-eabi/4.9.3/armv6-m/libgcc.a(_divsi3.o)
 .debug_abbrev  0x0000000000003736       0x14 /usr/lib/gcc/arm-none-eabi/4.9.3/armv6-m/libgcc.a(_dvmd_tls.o)
 .debug_abbrev  0x000000000000374a      0x180 /usr/lib/gcc/arm-none-eabi/4.9.3/../../../arm-none-eabi/lib/armv6-m/libg.a(lib_a-impure.o)
 .debug_abbrev  0x00000000000038ca       0xba /usr/lib/gcc/arm-none-eabi/4.9.3/../../../arm-none-eabi/lib/armv6-m/libg.a(lib_a-init.o)
 .debug_abbrev  0x0000000000003984      0x1f7 /usr/lib/gcc/arm-none-eabi/4.9.3/../../../arm-none-eabi/lib/armv6-m/libg.a(lib_a-malloc.o)
 .debug_abbrev  0x0000000000003b7b      0x2a2 /usr/lib/gcc/arm-none-eabi/4.9.3/../../../arm-none-eabi/lib/armv6-m/libg.a(lib_a-mallocr.o)
 .debug_abbrev  0x0000000000003e1d       0xab /usr/lib/gcc/arm-none-eabi/4.9.3/../../../arm-none-eabi/lib/armv6-m/libg.a(lib_a-memcpy.o)
 .debug_abbrev  0x0000000000003ec8       0x9f /usr/lib/gcc/arm-none-eabi/4.9.3/../../../arm-none-eabi/lib/armv6-m/libg.a(lib_a-memset.o)
 .debug_abbrev  0x0000000000003f67      0x19a /usr/lib/gcc/arm-none-eabi/4.9.3/../../../arm-none-eabi/lib/armv6-m/libg.a(lib_a-mlock.o)
 .debug_abbrev  0x0000000000004101      0x1d9 /usr/lib/gcc/arm-none-eabi/4.9.3/../../../arm-none-eabi/lib/armv6-m/libg.a(lib_a-realloc.o)
 .debug_abbrev  0x00000000000042da      0x250 /usr/lib/gcc/arm-none-eabi/4.9.3/../../../arm-none-eabi/lib/armv6-m/libg.a(lib_a-reallocr.o)
 .debug_abbrev  0x000000000000452a      0x1fd /usr/lib/gcc/arm-none-eabi/4.9.3/../../../arm-none-eabi/lib/armv6-m/libg.a(lib_a-sbrkr.o)
 .debug_abbrev  0x0000000000004727       0x14 /usr/lib/gcc/arm-none-eabi/4.9.3/../../../arm-none-eabi/lib/armv6-m/libg.a(lib_a-setjmp.o)
 .debug_abbrev  0x000000000000473b      0x26b /usr/lib/gcc/arm-none-eabi/4.9.3/../../../arm-none-eabi/lib/armv6-m/libg.a(lib_a-freer.o)
 .debug_abbrev  0x00000000000049a6       0xab /usr/lib/gcc/arm-none-eabi/4.9.3/../../../arm-none-eabi/lib/armv6-m/libg.a(lib_a-memmove.o)
 .debug_abbrev  0x0000000000004a51      0x24e /usr/lib/gcc/arm-none-eabi/4.9.3/../../../arm-none-eabi/lib/armv6-m/libg.a(lib_a-reent.o)
 .debug_abbrev  0x0000000000004c9f       0x92 /usr/lib/gcc/arm-none-eabi/4.9.3/../../../arm-none-eabi/lib/armv6-m/libnosys.a(sbrk.o)

.debug_line     0x0000000000000000     0x5cbf
 *(.debug_line)
 .debug_line    0x0000000000000000      0x428 /tmp/ccK4WFTj.o
 .debug_line    0x0000000000000428      0x1fb /tmp/cchGJUKJ.o
 .debug_line    0x0000000000000623      0x310 /tmp/ccZajiO9.o
 .debug_line    0x0000000000000933      0x123 /tmp/cc4dR2Yz.o
 .debug_line    0x0000000000000a56      0x1c2 /tmp/ccafHji0.o
 .debug_line    0x0000000000000c18       0x7d /tmp/cc4CFxCq.o
 .debug_line    0x0000000000000c95      0x1c4 Libraries/libstm32f0.a(stm32f0xx_gpio.o)
 .debug_line    0x0000000000000e59      0x31d Libraries/libstm32f0.a(stm32f0xx_rcc.o)
 .debug_line    0x0000000000001176      0x798 Libraries/libstm32f0.a(stm32f0xx_tim.o)
 .debug_line    0x000000000000190e      0x2ae Libraries/libstm32f0.a(drv_I2C_M24SR.o)
 .debug_line    0x0000000000001bbc       0xe4 Libraries/libstm32f0.a(gfx.o)
 .debug_line    0x0000000000001ca0      0x1f8 Libraries/libstm32f0.a(gdriver.o)
 .debug_line    0x0000000000001e98      0x5a5 Libraries/libstm32f0.a(gdisp.o)
 .debug_line    0x000000000000243d      0x24a Libraries/libstm32f0.a(gdisp_fonts.o)
 .debug_line    0x0000000000002687      0x2e3 Libraries/libstm32f0.a(gdisp_image.o)
 .debug_line    0x000000000000296a      0x442 Libraries/libstm32f0.a(gdisp_image_bmp.o)
 .debug_line    0x0000000000002dac      0x13c Libraries/libstm32f0.a(mf_font.o)
 .debug_line    0x0000000000002ee8      0x14e Libraries/libstm32f0.a(mf_justify.o)
 .debug_line    0x0000000000003036      0x118 Libraries/libstm32f0.a(mf_bwfont.o)
 .debug_line    0x000000000000314e       0xf3 Libraries/libstm32f0.a(mf_scaledfont.o)
 .debug_line    0x0000000000003241      0x52c Libraries/libstm32f0.a(gdisp_lld_SSD1306.o)
 .debug_line    0x000000000000376d       0x97 Libraries/libstm32f0.a(gos_raw32.o)
 .debug_line    0x0000000000003804      0x347 Libraries/libstm32f0.a(gos_x_threads.o)
 .debug_line    0x0000000000003b4b       0xdd Libraries/libstm32f0.a(gos_x_heap.o)
 .debug_line    0x0000000000003c28      0x2a7 Libraries/libstm32f0.a(gfile.o)
 .debug_line    0x0000000000003ecf      0x1c3 Libraries/libstm32f0.a(gfile_fs_mem.o)
 .debug_line    0x0000000000004092      0x2dd Libraries/libstm32f0.a(stm32f0xx_i2c.o)
 .debug_line    0x000000000000436f      0x297 Libraries/libstm32f0.a(stm32f0xx_spi.o)
 .debug_line    0x0000000000004606       0xa3 Libraries/libstm32f0.a(mf_encoding.o)
 .debug_line    0x00000000000046a9       0x6c /usr/lib/gcc/arm-none-eabi/4.9.3/armv6-m/libgcc.a(_udivsi3.o)
 .debug_line    0x0000000000004715       0x73 /usr/lib/gcc/arm-none-eabi/4.9.3/armv6-m/libgcc.a(_divsi3.o)
 .debug_line    0x0000000000004788       0x5e /usr/lib/gcc/arm-none-eabi/4.9.3/armv6-m/libgcc.a(_dvmd_tls.o)
 .debug_line    0x00000000000047e6       0xf1 /usr/lib/gcc/arm-none-eabi/4.9.3/../../../arm-none-eabi/lib/armv6-m/libg.a(lib_a-impure.o)
 .debug_line    0x00000000000048d7       0xc0 /usr/lib/gcc/arm-none-eabi/4.9.3/../../../arm-none-eabi/lib/armv6-m/libg.a(lib_a-init.o)
 .debug_line    0x0000000000004997      0x170 /usr/lib/gcc/arm-none-eabi/4.9.3/../../../arm-none-eabi/lib/armv6-m/libg.a(lib_a-malloc.o)
 .debug_line    0x0000000000004b07      0x38c /usr/lib/gcc/arm-none-eabi/4.9.3/../../../arm-none-eabi/lib/armv6-m/libg.a(lib_a-mallocr.o)
 .debug_line    0x0000000000004e93      0x114 /usr/lib/gcc/arm-none-eabi/4.9.3/../../../arm-none-eabi/lib/armv6-m/libg.a(lib_a-memcpy.o)
 .debug_line    0x0000000000004fa7      0x10f /usr/lib/gcc/arm-none-eabi/4.9.3/../../../arm-none-eabi/lib/armv6-m/libg.a(lib_a-memset.o)
 .debug_line    0x00000000000050b6      0x111 /usr/lib/gcc/arm-none-eabi/4.9.3/../../../arm-none-eabi/lib/armv6-m/libg.a(lib_a-mlock.o)
 .debug_line    0x00000000000051c7      0x15d /usr/lib/gcc/arm-none-eabi/4.9.3/../../../arm-none-eabi/lib/armv6-m/libg.a(lib_a-realloc.o)
 .debug_line    0x0000000000005324      0x27c /usr/lib/gcc/arm-none-eabi/4.9.3/../../../arm-none-eabi/lib/armv6-m/libg.a(lib_a-reallocr.o)
 .debug_line    0x00000000000055a0      0x160 /usr/lib/gcc/arm-none-eabi/4.9.3/../../../arm-none-eabi/lib/armv6-m/libg.a(lib_a-sbrkr.o)
 .debug_line    0x0000000000005700       0x7f /usr/lib/gcc/arm-none-eabi/4.9.3/../../../arm-none-eabi/lib/armv6-m/libg.a(lib_a-setjmp.o)
 .debug_line    0x000000000000577f      0x23b /usr/lib/gcc/arm-none-eabi/4.9.3/../../../arm-none-eabi/lib/armv6-m/libg.a(lib_a-freer.o)
 .debug_line    0x00000000000059ba      0x115 /usr/lib/gcc/arm-none-eabi/4.9.3/../../../arm-none-eabi/lib/armv6-m/libg.a(lib_a-memmove.o)
 .debug_line    0x0000000000005acf      0x198 /usr/lib/gcc/arm-none-eabi/4.9.3/../../../arm-none-eabi/lib/armv6-m/libg.a(lib_a-reent.o)
 .debug_line    0x0000000000005c67       0x58 /usr/lib/gcc/arm-none-eabi/4.9.3/../../../arm-none-eabi/lib/armv6-m/libnosys.a(sbrk.o)

.debug_frame    0x0000000000000000     0x26a0
 *(.debug_frame)
 .debug_frame   0x0000000000000000       0xa8 /tmp/ccK4WFTj.o
 .debug_frame   0x00000000000000a8       0xe0 /tmp/cchGJUKJ.o
 .debug_frame   0x0000000000000188      0x15c /tmp/ccZajiO9.o
 .debug_frame   0x00000000000002e4       0x48 /tmp/cc4dR2Yz.o
 .debug_frame   0x000000000000032c       0x90 /tmp/ccafHji0.o
 .debug_frame   0x00000000000003bc      0x110 Libraries/libstm32f0.a(stm32f0xx_gpio.o)
 .debug_frame   0x00000000000004cc      0x2a0 Libraries/libstm32f0.a(stm32f0xx_rcc.o)
 .debug_frame   0x000000000000076c      0x658 Libraries/libstm32f0.a(stm32f0xx_tim.o)
 .debug_frame   0x0000000000000dc4      0x104 Libraries/libstm32f0.a(drv_I2C_M24SR.o)
 .debug_frame   0x0000000000000ec8       0x40 Libraries/libstm32f0.a(gfx.o)
 .debug_frame   0x0000000000000f08       0xd8 Libraries/libstm32f0.a(gdriver.o)
 .debug_frame   0x0000000000000fe0      0x41c Libraries/libstm32f0.a(gdisp.o)
 .debug_frame   0x00000000000013fc       0xa4 Libraries/libstm32f0.a(gdisp_fonts.o)
 .debug_frame   0x00000000000014a0      0x14c Libraries/libstm32f0.a(gdisp_image.o)
 .debug_frame   0x00000000000015ec      0x108 Libraries/libstm32f0.a(gdisp_image_bmp.o)
 .debug_frame   0x00000000000016f4       0x70 Libraries/libstm32f0.a(mf_font.o)
 .debug_frame   0x0000000000001764       0xc0 Libraries/libstm32f0.a(mf_justify.o)
 .debug_frame   0x0000000000001824       0x58 Libraries/libstm32f0.a(mf_bwfont.o)
 .debug_frame   0x000000000000187c       0x94 Libraries/libstm32f0.a(mf_scaledfont.o)
 .debug_frame   0x0000000000001910       0xa4 Libraries/libstm32f0.a(gdisp_lld_SSD1306.o)
 .debug_frame   0x00000000000019b4       0x70 Libraries/libstm32f0.a(gos_raw32.o)
 .debug_frame   0x0000000000001a24      0x1f4 Libraries/libstm32f0.a(gos_x_threads.o)
 .debug_frame   0x0000000000001c18       0x68 Libraries/libstm32f0.a(gos_x_heap.o)
 .debug_frame   0x0000000000001c80      0x194 Libraries/libstm32f0.a(gfile.o)
 .debug_frame   0x0000000000001e14       0x68 Libraries/libstm32f0.a(gfile_fs_mem.o)
 .debug_frame   0x0000000000001e7c      0x2d8 Libraries/libstm32f0.a(stm32f0xx_i2c.o)
 .debug_frame   0x0000000000002154      0x234 Libraries/libstm32f0.a(stm32f0xx_spi.o)
 .debug_frame   0x0000000000002388       0x30 Libraries/libstm32f0.a(mf_encoding.o)
 .debug_frame   0x00000000000023b8       0x20 /usr/lib/gcc/arm-none-eabi/4.9.3/armv6-m/libgcc.a(_udivsi3.o)
 .debug_frame   0x00000000000023d8       0x20 /usr/lib/gcc/arm-none-eabi/4.9.3/armv6-m/libgcc.a(_divsi3.o)
 .debug_frame   0x00000000000023f8       0x2c /usr/lib/gcc/arm-none-eabi/4.9.3/../../../arm-none-eabi/lib/armv6-m/libg.a(lib_a-init.o)
 .debug_frame   0x0000000000002424       0x40 /usr/lib/gcc/arm-none-eabi/4.9.3/../../../arm-none-eabi/lib/armv6-m/libg.a(lib_a-malloc.o)
 .debug_frame   0x0000000000002464       0x3c /usr/lib/gcc/arm-none-eabi/4.9.3/../../../arm-none-eabi/lib/armv6-m/libg.a(lib_a-mallocr.o)
 .debug_frame   0x00000000000024a0       0x2c /usr/lib/gcc/arm-none-eabi/4.9.3/../../../arm-none-eabi/lib/armv6-m/libg.a(lib_a-memcpy.o)
 .debug_frame   0x00000000000024cc       0x2c /usr/lib/gcc/arm-none-eabi/4.9.3/../../../arm-none-eabi/lib/armv6-m/libg.a(lib_a-memset.o)
 .debug_frame   0x00000000000024f8       0x30 /usr/lib/gcc/arm-none-eabi/4.9.3/../../../arm-none-eabi/lib/armv6-m/libg.a(lib_a-mlock.o)
 .debug_frame   0x0000000000002528       0x28 /usr/lib/gcc/arm-none-eabi/4.9.3/../../../arm-none-eabi/lib/armv6-m/libg.a(lib_a-realloc.o)
 .debug_frame   0x0000000000002550       0x3c /usr/lib/gcc/arm-none-eabi/4.9.3/../../../arm-none-eabi/lib/armv6-m/libg.a(lib_a-reallocr.o)
 .debug_frame   0x000000000000258c       0x2c /usr/lib/gcc/arm-none-eabi/4.9.3/../../../arm-none-eabi/lib/armv6-m/libg.a(lib_a-sbrkr.o)
 .debug_frame   0x00000000000025b8       0x54 /usr/lib/gcc/arm-none-eabi/4.9.3/../../../arm-none-eabi/lib/armv6-m/libg.a(lib_a-freer.o)
 .debug_frame   0x000000000000260c       0x2c /usr/lib/gcc/arm-none-eabi/4.9.3/../../../arm-none-eabi/lib/armv6-m/libg.a(lib_a-memmove.o)
 .debug_frame   0x0000000000002638       0x48 /usr/lib/gcc/arm-none-eabi/4.9.3/../../../arm-none-eabi/lib/armv6-m/libg.a(lib_a-reent.o)
 .debug_frame   0x0000000000002680       0x20 /usr/lib/gcc/arm-none-eabi/4.9.3/../../../arm-none-eabi/lib/armv6-m/libnosys.a(sbrk.o)

.debug_str      0x0000000000000000     0x4f0d
 *(.debug_str)
 .debug_str     0x0000000000000000      0x9ae /tmp/ccK4WFTj.o
                                        0xa3d (size before relaxing)
 .debug_str     0x00000000000009ae      0x110 /tmp/cchGJUKJ.o
                                        0x36f (size before relaxing)
 .debug_str     0x0000000000000abe      0x282 /tmp/ccZajiO9.o
                                        0x793 (size before relaxing)
 .debug_str     0x0000000000000d40       0xef /tmp/cc4dR2Yz.o
                                        0x289 (size before relaxing)
 .debug_str     0x0000000000000e2f      0x222 /tmp/ccafHji0.o
                                        0x740 (size before relaxing)
 .debug_str     0x0000000000001051      0x1cb Libraries/libstm32f0.a(stm32f0xx_gpio.o)
                                        0x49d (size before relaxing)
 .debug_str     0x000000000000121c      0x3bd Libraries/libstm32f0.a(stm32f0xx_rcc.o)
                                        0x710 (size before relaxing)
 .debug_str     0x00000000000015d9      0x91c Libraries/libstm32f0.a(stm32f0xx_tim.o)
                                        0xdf7 (size before relaxing)
 .debug_str     0x0000000000001ef5      0x308 Libraries/libstm32f0.a(drv_I2C_M24SR.o)
                                        0x6f7 (size before relaxing)
 .debug_str     0x00000000000021fd       0xce Libraries/libstm32f0.a(gfx.o)
                                        0x206 (size before relaxing)
 .debug_str     0x00000000000022cb      0x14b Libraries/libstm32f0.a(gdriver.o)
                                        0x2bc (size before relaxing)
 .debug_str     0x0000000000002416      0x761 Libraries/libstm32f0.a(gdisp.o)
                                        0xa76 (size before relaxing)
 .debug_str     0x0000000000002b77      0x118 Libraries/libstm32f0.a(gdisp_fonts.o)
                                        0x34e (size before relaxing)
 .debug_str     0x0000000000002c8f      0x16b Libraries/libstm32f0.a(gdisp_image.o)
                                        0x3b0 (size before relaxing)
 .debug_str     0x0000000000002dfa      0x1b0 Libraries/libstm32f0.a(gdisp_image_bmp.o)
                                        0x3ec (size before relaxing)
 .debug_str     0x0000000000002faa      0x1de Libraries/libstm32f0.a(mf_font.o)
                                        0x454 (size before relaxing)
 .debug_str     0x0000000000003188       0xe6 Libraries/libstm32f0.a(mf_justify.o)
                                        0x3a5 (size before relaxing)
 .debug_str     0x000000000000326e       0xf2 Libraries/libstm32f0.a(mf_bwfont.o)
                                        0x3ca (size before relaxing)
 .debug_str     0x0000000000003360       0xe3 Libraries/libstm32f0.a(mf_scaledfont.o)
                                        0x340 (size before relaxing)
 .debug_str     0x0000000000003443      0x1d1 Libraries/libstm32f0.a(gdisp_lld_SSD1306.o)
                                        0x8c0 (size before relaxing)
 .debug_str     0x0000000000003614       0x81 Libraries/libstm32f0.a(gos_raw32.o)
                                        0x1d7 (size before relaxing)
 .debug_str     0x0000000000003695      0x2e0 Libraries/libstm32f0.a(gos_x_threads.o)
                                        0x4db (size before relaxing)
 .debug_str     0x0000000000003975       0x73 Libraries/libstm32f0.a(gos_x_heap.o)
                                        0x1d4 (size before relaxing)
 .debug_str     0x00000000000039e8      0x17f Libraries/libstm32f0.a(gfile.o)
                                        0x328 (size before relaxing)
 .debug_str     0x0000000000003b67       0x7e Libraries/libstm32f0.a(gfile_fs_mem.o)
                                        0x255 (size before relaxing)
 .debug_str     0x0000000000003be5      0x30e Libraries/libstm32f0.a(stm32f0xx_i2c.o)
                                        0x63c (size before relaxing)
 .debug_str     0x0000000000003ef3      0x366 Libraries/libstm32f0.a(stm32f0xx_spi.o)
                                        0x729 (size before relaxing)
 .debug_str     0x0000000000004259       0x5a Libraries/libstm32f0.a(mf_encoding.o)
                                        0x1b3 (size before relaxing)
 .debug_str     0x00000000000042b3      0x4be /usr/lib/gcc/arm-none-eabi/4.9.3/../../../arm-none-eabi/lib/armv6-m/libg.a(lib_a-impure.o)
                                        0x58e (size before relaxing)
 .debug_str     0x0000000000004771       0xed /usr/lib/gcc/arm-none-eabi/4.9.3/../../../arm-none-eabi/lib/armv6-m/libg.a(lib_a-init.o)
                                        0x21c (size before relaxing)
 .debug_str     0x000000000000485e       0xb1 /usr/lib/gcc/arm-none-eabi/4.9.3/../../../arm-none-eabi/lib/armv6-m/libg.a(lib_a-malloc.o)
                                        0x5a2 (size before relaxing)
 .debug_str     0x000000000000490f      0x221 /usr/lib/gcc/arm-none-eabi/4.9.3/../../../arm-none-eabi/lib/armv6-m/libg.a(lib_a-mallocr.o)
                                        0x79d (size before relaxing)
 .debug_str     0x0000000000004b30       0xba /usr/lib/gcc/arm-none-eabi/4.9.3/../../../arm-none-eabi/lib/armv6-m/libg.a(lib_a-memcpy.o)
                                        0x1e4 (size before relaxing)
 .debug_str     0x0000000000004bea       0x3b /usr/lib/gcc/arm-none-eabi/4.9.3/../../../arm-none-eabi/lib/armv6-m/libg.a(lib_a-memset.o)
                                        0x1d1 (size before relaxing)
 .debug_str     0x0000000000004c25       0x42 /usr/lib/gcc/arm-none-eabi/4.9.3/../../../arm-none-eabi/lib/armv6-m/libg.a(lib_a-mlock.o)
                                        0x597 (size before relaxing)
 .debug_str     0x0000000000004c67       0x3a /usr/lib/gcc/arm-none-eabi/4.9.3/../../../arm-none-eabi/lib/armv6-m/libg.a(lib_a-realloc.o)
                                        0x593 (size before relaxing)
 .debug_str     0x0000000000004ca1       0x5e /usr/lib/gcc/arm-none-eabi/4.9.3/../../../arm-none-eabi/lib/armv6-m/libg.a(lib_a-reallocr.o)
                                        0x66f (size before relaxing)
 .debug_str     0x0000000000004cff       0x37 /usr/lib/gcc/arm-none-eabi/4.9.3/../../../arm-none-eabi/lib/armv6-m/libg.a(lib_a-sbrkr.o)
                                        0x585 (size before relaxing)
 .debug_str     0x0000000000004d36       0x34 /usr/lib/gcc/arm-none-eabi/4.9.3/../../../arm-none-eabi/lib/armv6-m/libg.a(lib_a-freer.o)
                                        0x6e7 (size before relaxing)
 .debug_str     0x0000000000004d6a       0x41 /usr/lib/gcc/arm-none-eabi/4.9.3/../../../arm-none-eabi/lib/armv6-m/libg.a(lib_a-memmove.o)
                                        0x1f0 (size before relaxing)
 .debug_str     0x0000000000004dab       0x58 /usr/lib/gcc/arm-none-eabi/4.9.3/../../../arm-none-eabi/lib/armv6-m/libg.a(lib_a-reent.o)
                                        0x5ad (size before relaxing)
 .debug_str     0x0000000000004e03      0x10a /usr/lib/gcc/arm-none-eabi/4.9.3/../../../arm-none-eabi/lib/armv6-m/libnosys.a(sbrk.o)
                                        0x123 (size before relaxing)

.debug_loc      0x0000000000000000     0xd590
 *(.debug_loc)
 .debug_loc     0x0000000000000000       0xb5 /tmp/ccK4WFTj.o
 .debug_loc     0x00000000000000b5       0xca /tmp/ccZajiO9.o
 .debug_loc     0x000000000000017f       0xe7 /tmp/cc4dR2Yz.o
 .debug_loc     0x0000000000000266       0x7a /tmp/ccafHji0.o
 .debug_loc     0x00000000000002e0      0x38e Libraries/libstm32f0.a(stm32f0xx_gpio.o)
 .debug_loc     0x000000000000066e      0x856 Libraries/libstm32f0.a(stm32f0xx_rcc.o)
 .debug_loc     0x0000000000000ec4     0x1fe2 Libraries/libstm32f0.a(stm32f0xx_tim.o)
 .debug_loc     0x0000000000002ea6      0x3c1 Libraries/libstm32f0.a(drv_I2C_M24SR.o)
 .debug_loc     0x0000000000003267      0x373 Libraries/libstm32f0.a(gdriver.o)
 .debug_loc     0x00000000000035da     0x1f56 Libraries/libstm32f0.a(gdisp.o)
 .debug_loc     0x0000000000005530      0x257 Libraries/libstm32f0.a(gdisp_fonts.o)
 .debug_loc     0x0000000000005787      0x5d2 Libraries/libstm32f0.a(gdisp_image.o)
 .debug_loc     0x0000000000005d59      0xaa5 Libraries/libstm32f0.a(gdisp_image_bmp.o)
 .debug_loc     0x00000000000067fe      0x1d0 Libraries/libstm32f0.a(mf_font.o)
 .debug_loc     0x00000000000069ce      0xa43 Libraries/libstm32f0.a(mf_justify.o)
 .debug_loc     0x0000000000007411      0x7d5 Libraries/libstm32f0.a(mf_bwfont.o)
 .debug_loc     0x0000000000007be6      0x286 Libraries/libstm32f0.a(mf_scaledfont.o)
 .debug_loc     0x0000000000007e6c      0x9f8 Libraries/libstm32f0.a(gdisp_lld_SSD1306.o)
 .debug_loc     0x0000000000008864      0x764 Libraries/libstm32f0.a(gos_x_threads.o)
 .debug_loc     0x0000000000008fc8       0xa5 Libraries/libstm32f0.a(gos_x_heap.o)
 .debug_loc     0x000000000000906d      0x505 Libraries/libstm32f0.a(gfile.o)
 .debug_loc     0x0000000000009572      0x15a Libraries/libstm32f0.a(gfile_fs_mem.o)
 .debug_loc     0x00000000000096cc      0x620 Libraries/libstm32f0.a(stm32f0xx_i2c.o)
 .debug_loc     0x0000000000009cec      0x6db Libraries/libstm32f0.a(stm32f0xx_spi.o)
 .debug_loc     0x000000000000a3c7       0x21 Libraries/libstm32f0.a(mf_encoding.o)
 .debug_loc     0x000000000000a3e8       0x84 /usr/lib/gcc/arm-none-eabi/4.9.3/../../../arm-none-eabi/lib/armv6-m/libg.a(lib_a-init.o)
 .debug_loc     0x000000000000a46c       0x58 /usr/lib/gcc/arm-none-eabi/4.9.3/../../../arm-none-eabi/lib/armv6-m/libg.a(lib_a-malloc.o)
 .debug_loc     0x000000000000a4c4      0xd6e /usr/lib/gcc/arm-none-eabi/4.9.3/../../../arm-none-eabi/lib/armv6-m/libg.a(lib_a-mallocr.o)
 .debug_loc     0x000000000000b232      0x3b6 /usr/lib/gcc/arm-none-eabi/4.9.3/../../../arm-none-eabi/lib/armv6-m/libg.a(lib_a-memcpy.o)
 .debug_loc     0x000000000000b5e8      0x1d0 /usr/lib/gcc/arm-none-eabi/4.9.3/../../../arm-none-eabi/lib/armv6-m/libg.a(lib_a-memset.o)
 .debug_loc     0x000000000000b7b8       0x58 /usr/lib/gcc/arm-none-eabi/4.9.3/../../../arm-none-eabi/lib/armv6-m/libg.a(lib_a-realloc.o)
 .debug_loc     0x000000000000b810     0x12ea /usr/lib/gcc/arm-none-eabi/4.9.3/../../../arm-none-eabi/lib/armv6-m/libg.a(lib_a-reallocr.o)
 .debug_loc     0x000000000000cafa       0x58 /usr/lib/gcc/arm-none-eabi/4.9.3/../../../arm-none-eabi/lib/armv6-m/libg.a(lib_a-sbrkr.o)
 .debug_loc     0x000000000000cb52      0x485 /usr/lib/gcc/arm-none-eabi/4.9.3/../../../arm-none-eabi/lib/armv6-m/libg.a(lib_a-freer.o)
 .debug_loc     0x000000000000cfd7      0x47e /usr/lib/gcc/arm-none-eabi/4.9.3/../../../arm-none-eabi/lib/armv6-m/libg.a(lib_a-memmove.o)
 .debug_loc     0x000000000000d455       0xfc /usr/lib/gcc/arm-none-eabi/4.9.3/../../../arm-none-eabi/lib/armv6-m/libg.a(lib_a-reent.o)
 .debug_loc     0x000000000000d551       0x3f /usr/lib/gcc/arm-none-eabi/4.9.3/../../../arm-none-eabi/lib/armv6-m/libnosys.a(sbrk.o)

.debug_macinfo
 *(.debug_macinfo)

.debug_weaknames
 *(.debug_weaknames)

.debug_funcnames
 *(.debug_funcnames)

.debug_typenames
 *(.debug_typenames)

.debug_varnames
 *(.debug_varnames)
OUTPUT(main.elf elf32-littlearm)

.debug_ranges   0x0000000000000000      0x8b0
 .debug_ranges  0x0000000000000000       0x98 /tmp/ccK4WFTj.o
 .debug_ranges  0x0000000000000098       0x68 /tmp/cchGJUKJ.o
 .debug_ranges  0x0000000000000100       0xb0 /tmp/ccZajiO9.o
 .debug_ranges  0x00000000000001b0       0x18 /tmp/cc4dR2Yz.o
 .debug_ranges  0x00000000000001c8       0x28 /tmp/ccafHji0.o
 .debug_ranges  0x00000000000001f0       0x20 /tmp/cc4CFxCq.o
 .debug_ranges  0x0000000000000210      0x210 Libraries/libstm32f0.a(stm32f0xx_tim.o)
 .debug_ranges  0x0000000000000420       0xc0 Libraries/libstm32f0.a(gdisp.o)
 .debug_ranges  0x00000000000004e0       0x18 Libraries/libstm32f0.a(mf_font.o)
 .debug_ranges  0x00000000000004f8       0x18 Libraries/libstm32f0.a(mf_justify.o)
 .debug_ranges  0x0000000000000510       0x30 Libraries/libstm32f0.a(mf_bwfont.o)
 .debug_ranges  0x0000000000000540       0x18 Libraries/libstm32f0.a(gdisp_lld_SSD1306.o)
 .debug_ranges  0x0000000000000558      0x108 Libraries/libstm32f0.a(gos_x_threads.o)
 .debug_ranges  0x0000000000000660       0x10 /usr/lib/gcc/arm-none-eabi/4.9.3/../../../arm-none-eabi/lib/armv6-m/libg.a(lib_a-init.o)
 .debug_ranges  0x0000000000000670       0x18 /usr/lib/gcc/arm-none-eabi/4.9.3/../../../arm-none-eabi/lib/armv6-m/libg.a(lib_a-malloc.o)
 .debug_ranges  0x0000000000000688       0x48 /usr/lib/gcc/arm-none-eabi/4.9.3/../../../arm-none-eabi/lib/armv6-m/libg.a(lib_a-mallocr.o)
 .debug_ranges  0x00000000000006d0       0x10 /usr/lib/gcc/arm-none-eabi/4.9.3/../../../arm-none-eabi/lib/armv6-m/libg.a(lib_a-memcpy.o)
 .debug_ranges  0x00000000000006e0       0x10 /usr/lib/gcc/arm-none-eabi/4.9.3/../../../arm-none-eabi/lib/armv6-m/libg.a(lib_a-memset.o)
 .debug_ranges  0x00000000000006f0       0x18 /usr/lib/gcc/arm-none-eabi/4.9.3/../../../arm-none-eabi/lib/armv6-m/libg.a(lib_a-mlock.o)
 .debug_ranges  0x0000000000000708       0x10 /usr/lib/gcc/arm-none-eabi/4.9.3/../../../arm-none-eabi/lib/armv6-m/libg.a(lib_a-realloc.o)
 .debug_ranges  0x0000000000000718      0x138 /usr/lib/gcc/arm-none-eabi/4.9.3/../../../arm-none-eabi/lib/armv6-m/libg.a(lib_a-reallocr.o)
 .debug_ranges  0x0000000000000850       0x10 /usr/lib/gcc/arm-none-eabi/4.9.3/../../../arm-none-eabi/lib/armv6-m/libg.a(lib_a-sbrkr.o)
 .debug_ranges  0x0000000000000860       0x18 /usr/lib/gcc/arm-none-eabi/4.9.3/../../../arm-none-eabi/lib/armv6-m/libg.a(lib_a-freer.o)
 .debug_ranges  0x0000000000000878       0x10 /usr/lib/gcc/arm-none-eabi/4.9.3/../../../arm-none-eabi/lib/armv6-m/libg.a(lib_a-memmove.o)
 .debug_ranges  0x0000000000000888       0x18 /usr/lib/gcc/arm-none-eabi/4.9.3/../../../arm-none-eabi/lib/armv6-m/libg.a(lib_a-reent.o)
 .debug_ranges  0x00000000000008a0       0x10 /usr/lib/gcc/arm-none-eabi/4.9.3/../../../arm-none-eabi/lib/armv6-m/libnosys.a(sbrk.o)